Need to fetch 64 missing abstracts...
[1/64] Fetching PMID:15547833 for MMP7->Soft_Tissue_Sarcoma
  NO ABSTRACT AVAILABLE
[2/64] Fetching PMID:15623660 for MMP8->Prostate_Cancer
  NO ABSTRACT AVAILABLE
[3/64] Fetching PMID:19671876 for HIF1A->Soft_Tissue_Sarcoma
  NO ABSTRACT AVAILABLE
[4/64] Fetching PMID:22866924 for TYMS->NSCLC
  NO ABSTRACT AVAILABLE
[5/64] Fetching PMID:23536344 for MMP7->GIST
  NO ABSTRACT AVAILABLE
[6/64] Fetching PMID:23543667 for NTRK1->HCC
  NO ABSTRACT AVAILABLE
[7/64] Fetching PMID:24040222 for TYMS->NSCLC
  NO ABSTRACT AVAILABLE
[8/64] Fetching PMID:24123044 for PTGS2->RCC
  NO ABSTRACT AVAILABLE
[9/64] Fetching PMID:24810334 for ALK->Li_Fraumeni_Syndrome
  NO ABSTRACT AVAILABLE
[10/64] Fetching PMID:24998528 for NPL4->Multiple_Myeloma
  NO ABSTRACT AVAILABLE
[11/64] Fetching PMID:25866480 for MMP13->NSCLC
  NO ABSTRACT AVAILABLE
[12/64] Fetching PMID:26675306 for TOP1->CML
  NO ABSTRACT AVAILABLE
[13/64] Fetching PMID:27966209 for MMP8->Prostate_Cancer
  NO ABSTRACT AVAILABLE
[14/64] Fetching PMID:29922827 for BRCA2->Pancreatic_Cancer
  NO ABSTRACT AVAILABLE
[15/64] Fetching PMID:30060750 for VEGFA->GIST
  NO ABSTRACT AVAILABLE
[16/64] Fetching PMID:30519576 for FKBP1A->Pancreatic_Cancer
  NO ABSTRACT AVAILABLE
[17/64] Fetching PMID:30879106 for PTGS2->Soft_Tissue_Sarcoma
  NO ABSTRACT AVAILABLE
[18/64] Fetching PMID:30889876 for MMP13->NSCLC
  NO ABSTRACT AVAILABLE
[19/64] Fetching PMID:31076547 for CD274->RCC
  NO ABSTRACT AVAILABLE
[20/64] Fetching PMID:31730010 for CD274->RCC
  NO ABSTRACT AVAILABLE
[21/64] Fetching PMID:32179180 for ROS1->Li_Fraumeni_Syndrome
  NO ABSTRACT AVAILABLE
[22/64] Fetching PMID:32227331 for TGFB1->CLL
  NO ABSTRACT AVAILABLE
[23/64] Fetching PMID:33234364 for IL6->AML
  NO ABSTRACT AVAILABLE
[24/64] Fetching PMID:33278675 for CD274->Colorectal_Cancer
  NO ABSTRACT AVAILABLE
[25/64] Fetching PMID:34371113 for TYMS->NSCLC
  NO ABSTRACT AVAILABLE
[26/64] Fetching PMID:34649567 for TOP1->HCC
  NO ABSTRACT AVAILABLE
[27/64] Fetching PMID:35077220 for BRCA2->Pancreatic_Cancer
  NO ABSTRACT AVAILABLE
[28/64] Fetching PMID:35089395 for TYMS->GIST
  NO ABSTRACT AVAILABLE
[29/64] Fetching PMID:36399857 for HIF1A->NSCLC
  NO ABSTRACT AVAILABLE
[30/64] Fetching PMID:36801507 for PDCD1->Pancreatic_Cancer
  NO ABSTRACT AVAILABLE
[31/64] Fetching PMID:36869602 for DHODH->NSCLC
  NO ABSTRACT AVAILABLE
[32/64] Fetching PMID:36969901 for TOP1->HCC
  NO ABSTRACT AVAILABLE
[33/64] Fetching PMID:37114211 for IL6->CML
  NO ABSTRACT AVAILABLE
[34/64] Fetching PMID:37269335 for ROS1->Pancreatic_Cancer
  NO ABSTRACT AVAILABLE
[35/64] Fetching PMID:37317885 for DHODH->NSCLC
  NO ABSTRACT AVAILABLE
[36/64] Fetching PMID:37463056 for ROS1->Pancreatic_Cancer
  NO ABSTRACT AVAILABLE
[37/64] Fetching PMID:37489792 for MMP13->NSCLC
  NO ABSTRACT AVAILABLE
[38/64] Fetching PMID:37640394 for MMP1->Myelofibrosis
  NO ABSTRACT AVAILABLE
[39/64] Fetching PMID:37689322 for NTRK1->HCC
  NO ABSTRACT AVAILABLE
[40/64] Fetching PMID:37715833 for FKBP1A->Ovarian_Cancer
  NO ABSTRACT AVAILABLE
[41/64] Fetching PMID:37828372 for VEGFA->GIST
  NO ABSTRACT AVAILABLE
[42/64] Fetching PMID:38299401 for MMP9->RCC
  NO ABSTRACT AVAILABLE
[43/64] Fetching PMID:38629624 for HIF1A->NSCLC
  NO ABSTRACT AVAILABLE
[44/64] Fetching PMID:38660843 for HIF1A->AML
  NO ABSTRACT AVAILABLE
[45/64] Fetching PMID:38704962 for PDCD1->Pancreatic_Cancer
  NO ABSTRACT AVAILABLE
[46/64] Fetching PMID:38831751 for FOXP3->Prostate_Cancer
  NO ABSTRACT AVAILABLE
[47/64] Fetching PMID:39052257 for BRCA2->Pancreatic_Cancer
  NO ABSTRACT AVAILABLE
[48/64] Fetching PMID:39353336 for HIF1A->Ovarian_Cancer
  NO ABSTRACT AVAILABLE
[49/64] Fetching PMID:39355617 for MAP2K2->NSCLC
  NO ABSTRACT AVAILABLE
[50/64] Fetching PMID:39631715 for IL6->CML
  NO ABSTRACT AVAILABLE
[51/64] Fetching PMID:39918973 for HRH2->AML
  NO ABSTRACT AVAILABLE
[52/64] Fetching PMID:40091048 for CD274->Colorectal_Cancer
  NO ABSTRACT AVAILABLE
[53/64] Fetching PMID:40138743 for ROS1->Pancreatic_Cancer
  NO ABSTRACT AVAILABLE
[54/64] Fetching PMID:40496862 for TYMS->Colorectal_Cancer
  NO ABSTRACT AVAILABLE
[55/64] Fetching PMID:40647442 for PDCD1->Pancreatic_Cancer
  NO ABSTRACT AVAILABLE
[56/64] Fetching PMID:40695668 for HMGCR->CML
  NO ABSTRACT AVAILABLE
[57/64] Fetching PMID:40735979 for CD274->RCC
  NO ABSTRACT AVAILABLE
[58/64] Fetching PMID:40805174 for TOP1->Ewing_Sarcoma
  NO ABSTRACT AVAILABLE
[59/64] Fetching PMID:40830065 for MMP9->RCC
  NO ABSTRACT AVAILABLE
[60/64] Fetching PMID:40858520 for TGFB1->Ewing_Sarcoma
  NO ABSTRACT AVAILABLE
[61/64] Fetching PMID:40934540 for MAP2K2->NSCLC
  NO ABSTRACT AVAILABLE
[62/64] Fetching PMID:41403951 for HIF1A->Multiple_Myeloma
  NO ABSTRACT AVAILABLE
[63/64] Fetching PMID:41646938 for DHODH->NSCLC
  NO ABSTRACT AVAILABLE
[64/64] Fetching PMID:42065042 for TOP1->HCC
  NO ABSTRACT AVAILABLE

Wrote missing abstracts to missing_abstracts.txt
