2026-06-01 23:02:57.368054: I tensorflow/core/util/port.cc:153] oneDNN custom operations are on. You may see slightly different numerical results due to floating-point round-off errors from different computation orders. To turn them off, set the environment variable `TF_ENABLE_ONEDNN_OPTS=0`.
2026-06-01 23:02:59.076587: I tensorflow/core/util/port.cc:153] oneDNN custom operations are on. You may see slightly different numerical results due to floating-point round-off errors from different computation orders. To turn them off, set the environment variable `TF_ENABLE_ONEDNN_OPTS=0`.
Druggable-target x disease gaps: 1209; probing 1209
Warning: Store not available. Using simplified Kan extensions.
CA not available: No module named 'temporal'
TDA not available: No module named 'topology.persistence'
ESMFold compatibility patch applied successfully
  Fixed: one_hot LongTensor requirement for PyTorch 2.x
gate backend: REAL COG

[1/1209] ABCB1->CLL: UNGROUNDED
[2/1209] ABCB1->CML: AGREE (RELATION-SCREENED) PMID:36696828
[3/1209] ABCB1->Colorectal_Cancer: AGREE (RELATION-SCREENED) PMID:38367548
[4/1209] ABCB1->Ewing_Sarcoma: UNGROUNDED
[5/1209] ABCB1->GIST: AGREE (RELATION-SCREENED) PMID:36834713
[6/1209] ABCB1->Glioblastoma: HOLLOW (LEXICAL-COOCCURRENCE) PMID:31624332
[7/1209] ABCB1->HCC: AGREE (RELATION-SCREENED) PMID:36066408
[8/1209] ABCB1->Li_Fraumeni_Syndrome: UNGROUNDED
[9/1209] ABCB1->Melanoma: AGREE (RELATION-SCREENED) PMID:34370042
[10/1209] ABCB1->Multiple_Myeloma: AGREE (RELATION-SCREENED) PMID:30786691
[11/1209] ABCB1->Myelofibrosis: UNGROUNDED
[12/1209] ABCB1->NSCLC: AGREE (RELATION-SCREENED) PMID:41343113
[13/1209] ABCB1->Ovarian_Cancer: AGREE (RELATION-SCREENED) PMID:34347777
[14/1209] ABCB1->Pancreatic_Cancer: UNGROUNDED
[15/1209] ABCB1->Prostate_Cancer: AGREE (RELATION-SCREENED) PMID:38557192
[16/1209] ABCB1->RCC: AGREE (RELATION-SCREENED) PMID:33762959
[17/1209] ABCB1->Soft_Tissue_Sarcoma: UNGROUNDED
[18/1209] ABCB1->Type2_Diabetes: UNGROUNDED
[19/1209] ABL1->AML: AGREE (RELATION-SCREENED) PMID:28297624
[20/1209] ABL1->Breast_Cancer: HOLLOW (LEXICAL-COOCCURRENCE) PMID:26065050
[21/1209] ABL1->CLL: AGREE (RELATION-SCREENED) PMID:40722725
[22/1209] ABL1->Colorectal_Cancer: AGREE (RELATION-SCREENED) PMID:38247798
[23/1209] ABL1->Ewing_Sarcoma: AGREE (RELATION-SCREENED) PMID:37686475
[24/1209] ABL1->Glioblastoma: HOLLOW (LEXICAL-COOCCURRENCE) PMID:36912819
[25/1209] ABL1->HCC: AGREE (RELATION-SCREENED) PMID:34484330
[26/1209] ABL1->Li_Fraumeni_Syndrome: UNGROUNDED
[27/1209] ABL1->Melanoma: HOLLOW (LEXICAL-COOCCURRENCE) PMID:36765910
[28/1209] ABL1->Multiple_Myeloma: AGREE (RELATION-SCREENED) PMID:40722725
[29/1209] ABL1->Myelofibrosis: HOLLOW (LEXICAL-COOCCURRENCE) PMID:33243417
[30/1209] ABL1->NSCLC: AGREE (RELATION-SCREENED) PMID:26758680
[31/1209] ABL1->Ovarian_Cancer: AGREE (RELATION-SCREENED) PMID:19738611
[32/1209] ABL1->Pancreatic_Cancer: HOLLOW (LEXICAL-COOCCURRENCE) PMID:25111230
[33/1209] ABL1->Prostate_Cancer: UNGROUNDED
[34/1209] ABL1->RCC: AGREE (RELATION-SCREENED) PMID:29056573
[35/1209] ABL1->Soft_Tissue_Sarcoma: UNGROUNDED
[36/1209] ABL1->Type2_Diabetes: UNGROUNDED
[37/1209] ALDH2->AML: AGREE (RELATION-SCREENED) PMID:40752747
[38/1209] ALDH2->Breast_Cancer: AGREE (RELATION-SCREENED) PMID:36639264
[39/1209] ALDH2->CLL: UNGROUNDED
[40/1209] ALDH2->CML: HOLLOW (LEXICAL-COOCCURRENCE) PMID:32946992
[41/1209] ALDH2->Colorectal_Cancer: AGREE (RELATION-SCREENED) PMID:32223781
[42/1209] ALDH2->Ewing_Sarcoma: UNGROUNDED
[43/1209] ALDH2->GIST: UNGROUNDED
[44/1209] ALDH2->Glioblastoma: UNGROUNDED
[45/1209] ALDH2->HCC: AGREE (RELATION-SCREENED) PMID:31279903
[46/1209] ALDH2->Li_Fraumeni_Syndrome: UNGROUNDED
[47/1209] ALDH2->Melanoma: AGREE (RELATION-SCREENED) PMID:40558540
[48/1209] ALDH2->Multiple_Myeloma: UNGROUNDED
[49/1209] ALDH2->Myelofibrosis: UNGROUNDED
[50/1209] ALDH2->NSCLC: AGREE (RELATION-SCREENED) PMID:35477569
[51/1209] ALDH2->Ovarian_Cancer: AGREE (RELATION-SCREENED) PMID:29552329
[52/1209] ALDH2->Pancreatic_Cancer: AGREE (RELATION-SCREENED) PMID:40137171
[53/1209] ALDH2->Prostate_Cancer: UNGROUNDED
[54/1209] ALDH2->RCC: UNGROUNDED
[55/1209] ALDH2->Soft_Tissue_Sarcoma: UNGROUNDED
[56/1209] ALDH2->Type2_Diabetes: UNGROUNDED
[57/1209] ALK->AML: AGREE (RELATION-SCREENED) PMID:35865984
[58/1209] ALK->Breast_Cancer: AGREE (RELATION-SCREENED) PMID:32954856
[59/1209] ALK->CLL: HOLLOW (LEXICAL-COOCCURRENCE) PMID:36457588
[60/1209] ALK->CML: HOLLOW (LEXICAL-COOCCURRENCE) PMID:30069765
[61/1209] ALK->Colorectal_Cancer: AGREE (RELATION-SCREENED) PMID:40493183
[62/1209] ALK->Ewing_Sarcoma: UNGROUNDED
[63/1209] ALK->GIST: AGREE (RELATION-SCREENED) PMID:37120571
[64/1209] ALK->Glioblastoma: AGREE (RELATION-SCREENED) PMID:34015889
[65/1209] ALK->HCC: AGREE (RELATION-SCREENED) PMID:32954856
[66/1209] ALK->Li_Fraumeni_Syndrome: UNGROUNDED
[67/1209] ALK->Melanoma: HOLLOW (LEXICAL-COOCCURRENCE) PMID:29307353
[68/1209] ALK->Multiple_Myeloma: HOLLOW (LEXICAL-COOCCURRENCE) PMID:34832908
[69/1209] ALK->Myelofibrosis: UNGROUNDED
[70/1209] ALK->Ovarian_Cancer: HOLLOW (LEXICAL-COOCCURRENCE) PMID:38780897
[71/1209] ALK->Pancreatic_Cancer: UNGROUNDED
[72/1209] ALK->Prostate_Cancer: UNGROUNDED
[73/1209] ALK->RCC: HOLLOW (LEXICAL-COOCCURRENCE) PMID:35853783
[74/1209] ALK->Soft_Tissue_Sarcoma: UNGROUNDED
[75/1209] ALK->Type2_Diabetes: UNGROUNDED
[76/1209] AMPK->AML: UNGROUNDED
[77/1209] AMPK->CLL: HOLLOW (LEXICAL-COOCCURRENCE) PMID:28737232
[78/1209] AMPK->CML: HOLLOW (LEXICAL-COOCCURRENCE) PMID:37903788
[79/1209] AMPK->Ewing_Sarcoma: UNGROUNDED
[80/1209] AMPK->GIST: UNGROUNDED
[81/1209] AMPK->Glioblastoma: HOLLOW (LEXICAL-COOCCURRENCE) PMID:38211651
[82/1209] AMPK->HCC: AGREE (RELATION-SCREENED) PMID:33794741
[83/1209] AMPK->Li_Fraumeni_Syndrome: UNGROUNDED
[84/1209] AMPK->Melanoma: AGREE (RELATION-SCREENED) PMID:38497492
[85/1209] AMPK->Multiple_Myeloma: HOLLOW (LEXICAL-COOCCURRENCE) PMID:39071579
[86/1209] AMPK->Myelofibrosis: UNGROUNDED
[87/1209] AMPK->NSCLC: AGREE (RELATION-SCREENED) PMID:39353883
[88/1209] AMPK->Ovarian_Cancer: HOLLOW (LEXICAL-COOCCURRENCE) PMID:38090580
[89/1209] AMPK->Prostate_Cancer: HOLLOW (LEXICAL-COOCCURRENCE) PMID:32619406
[90/1209] AMPK->RCC: AGREE (RELATION-SCREENED) PMID:26169313
[91/1209] AMPK->Soft_Tissue_Sarcoma: UNGROUNDED
[92/1209] BCR_ABL->AML: UNGROUNDED
[93/1209] BCR_ABL->Breast_Cancer: UNGROUNDED
[94/1209] BCR_ABL->CLL: UNGROUNDED
[95/1209] BCR_ABL->Colorectal_Cancer: UNGROUNDED
[96/1209] BCR_ABL->Ewing_Sarcoma: UNGROUNDED
[97/1209] BCR_ABL->Glioblastoma: UNGROUNDED
[98/1209] BCR_ABL->HCC: UNGROUNDED
[99/1209] BCR_ABL->Li_Fraumeni_Syndrome: UNGROUNDED
[100/1209] BCR_ABL->Melanoma: UNGROUNDED
[101/1209] BCR_ABL->Multiple_Myeloma: UNGROUNDED
[102/1209] BCR_ABL->Myelofibrosis: UNGROUNDED
[103/1209] BCR_ABL->NSCLC: UNGROUNDED
[104/1209] BCR_ABL->Ovarian_Cancer: UNGROUNDED
[105/1209] BCR_ABL->Pancreatic_Cancer: UNGROUNDED
[106/1209] BCR_ABL->Prostate_Cancer: UNGROUNDED
[107/1209] BCR_ABL->RCC: UNGROUNDED
[108/1209] BCR_ABL->Soft_Tissue_Sarcoma: UNGROUNDED
[109/1209] BCR_ABL->Type2_Diabetes: UNGROUNDED
[110/1209] Bevacizumab->AML: AGREE (RELATION-SCREENED) PMID:15173063
[111/1209] Bevacizumab->CLL: HOLLOW (LEXICAL-COOCCURRENCE) PMID:25043749
[112/1209] Bevacizumab->CML: HOLLOW (LEXICAL-COOCCURRENCE) PMID:15638762
[113/1209] Bevacizumab->Ewing_Sarcoma: UNGROUNDED
[114/1209] Bevacizumab->GIST: HOLLOW (LEXICAL-COOCCURRENCE) PMID:19453268
[115/1209] Bevacizumab->Glioblastoma: HOLLOW (LEXICAL-COOCCURRENCE) PMID:19720927
[116/1209] Bevacizumab->HCC: HOLLOW (LEXICAL-COOCCURRENCE) PMID:37535375
[117/1209] Bevacizumab->Li_Fraumeni_Syndrome: UNGROUNDED
[118/1209] Bevacizumab->Melanoma: UNGROUNDED
[119/1209] Bevacizumab->Multiple_Myeloma: HOLLOW (LEXICAL-COOCCURRENCE) PMID:32636041
[120/1209] Bevacizumab->Myelofibrosis: HOLLOW (LEXICAL-COOCCURRENCE) PMID:23812932
[121/1209] Bevacizumab->NSCLC: HOLLOW (LEXICAL-COOCCURRENCE) PMID:24145346
[122/1209] Bevacizumab->Pancreatic_Cancer: HOLLOW (LEXICAL-COOCCURRENCE) PMID:30372814
[123/1209] Bevacizumab->Prostate_Cancer: HOLLOW (LEXICAL-COOCCURRENCE) PMID:21355777
[124/1209] Bevacizumab->RCC: HOLLOW (LEXICAL-COOCCURRENCE) PMID:28276433
[125/1209] Bevacizumab->Soft_Tissue_Sarcoma: UNGROUNDED
[126/1209] Bevacizumab->Type2_Diabetes: UNGROUNDED
[127/1209] Breast_Cancer->AML: HOLLOW (LEXICAL-COOCCURRENCE) PMID:35409166
[128/1209] Breast_Cancer->Breast_Cancer: AGREE (RELATION-SCREENED) PMID:36122153
[129/1209] Breast_Cancer->CLL: AGREE (RELATION-SCREENED) PMID:34879221
[130/1209] Breast_Cancer->CML: AGREE (RELATION-SCREENED) PMID:41935427
[131/1209] Breast_Cancer->Colorectal_Cancer: HOLLOW (LEXICAL-COOCCURRENCE) PMID:36591515
[132/1209] Breast_Cancer->Ewing_Sarcoma: HOLLOW (LEXICAL-COOCCURRENCE) PMID:36980580
[133/1209] Breast_Cancer->GIST: HOLLOW (LEXICAL-COOCCURRENCE) PMID:25921818
[134/1209] Breast_Cancer->Glioblastoma: AGREE (RELATION-SCREENED) PMID:39849594
[135/1209] Breast_Cancer->HCC: HOLLOW (LEXICAL-COOCCURRENCE) PMID:31314381
[136/1209] Breast_Cancer->Li_Fraumeni_Syndrome: UNGROUNDED
[137/1209] Breast_Cancer->Melanoma: AGREE (RELATION-SCREENED) PMID:30497674
[138/1209] Breast_Cancer->Multiple_Myeloma: AGREE (RELATION-SCREENED) PMID:33127577
[139/1209] Breast_Cancer->Myelofibrosis: HOLLOW (LEXICAL-COOCCURRENCE) PMID:38216005
[140/1209] Breast_Cancer->NSCLC: HOLLOW (LEXICAL-COOCCURRENCE) PMID:39073550
[141/1209] Breast_Cancer->Ovarian_Cancer: AGREE (RELATION-SCREENED) PMID:37455374
[142/1209] Breast_Cancer->Pancreatic_Cancer: HOLLOW (LEXICAL-COOCCURRENCE) PMID:29860986
[143/1209] Breast_Cancer->Prostate_Cancer: UNGROUNDED
[144/1209] Breast_Cancer->RCC: AGREE (RELATION-SCREENED) PMID:24756805
[145/1209] Breast_Cancer->Soft_Tissue_Sarcoma: AGREE (RELATION-SCREENED) PMID:38515338
[146/1209] Breast_Cancer->Type2_Diabetes: AGREE (RELATION-SCREENED) PMID:35803840
[147/1209] CD274->AML: AGREE (RELATION-SCREENED) PMID:40080926
[148/1209] CD274->Breast_Cancer: AGREE (RELATION-SCREENED) PMID:39248214
[149/1209] CD274->CLL: HOLLOW (LEXICAL-COOCCURRENCE) PMID:25940792
[150/1209] CD274->CML: UNGROUNDED
[151/1209] CD274->Colorectal_Cancer: AGREE (RELATION-SCREENED) PMID:27196573
[152/1209] CD274->Ewing_Sarcoma: UNGROUNDED
[153/1209] CD274->GIST: UNGROUNDED
[154/1209] CD274->Glioblastoma: UNGROUNDED
[155/1209] CD274->HCC: HOLLOW (LEXICAL-COOCCURRENCE) PMID:28624577
[156/1209] CD274->Li_Fraumeni_Syndrome: UNGROUNDED
[157/1209] CD274->Melanoma: UNGROUNDED
[158/1209] CD274->Multiple_Myeloma: UNGROUNDED
[159/1209] CD274->Myelofibrosis: UNGROUNDED
[160/1209] CD274->Ovarian_Cancer: HOLLOW (LEXICAL-COOCCURRENCE) PMID:38575994
[161/1209] CD274->Pancreatic_Cancer: AGREE (RELATION-SCREENED) PMID:38174993
[162/1209] CD274->Prostate_Cancer: UNGROUNDED
[163/1209] CD274->RCC: UNGROUNDED
[164/1209] CD274->Soft_Tissue_Sarcoma: UNGROUNDED
[165/1209] CD274->Type2_Diabetes: UNGROUNDED
[166/1209] CD4->AML: HOLLOW (LEXICAL-COOCCURRENCE) PMID:21722806
[167/1209] CD4->Breast_Cancer: HOLLOW (LEXICAL-COOCCURRENCE) PMID:39531510
[168/1209] CD4->CLL: HOLLOW (LEXICAL-COOCCURRENCE) PMID:37064123
[169/1209] CD4->CML: HOLLOW (LEXICAL-COOCCURRENCE) PMID:21269567
[170/1209] CD4->Colorectal_Cancer: HOLLOW (LEXICAL-COOCCURRENCE) PMID:41461936
[171/1209] CD4->Ewing_Sarcoma: HOLLOW (LEXICAL-COOCCURRENCE) PMID:40556502
[172/1209] CD4->GIST: AGREE (RELATION-SCREENED) PMID:26049274
[173/1209] CD4->Glioblastoma: HOLLOW (LEXICAL-COOCCURRENCE) PMID:37198490
[174/1209] CD4->HCC: HOLLOW (LEXICAL-COOCCURRENCE) PMID:40500691
[175/1209] CD4->Li_Fraumeni_Syndrome: UNGROUNDED
[176/1209] CD4->Multiple_Myeloma: HOLLOW (LEXICAL-COOCCURRENCE) PMID:40106762
[177/1209] CD4->Myelofibrosis: HOLLOW (LEXICAL-COOCCURRENCE) PMID:16369977
[178/1209] CD4->Ovarian_Cancer: AGREE (RELATION-SCREENED) PMID:35552285
[179/1209] CD4->Pancreatic_Cancer: UNGROUNDED
[180/1209] CD4->Prostate_Cancer: UNGROUNDED
[181/1209] CD4->RCC: HOLLOW (LEXICAL-COOCCURRENCE) PMID:40982012
[182/1209] CD4->Soft_Tissue_Sarcoma: UNGROUNDED
[183/1209] CD4->Type2_Diabetes: UNGROUNDED
[184/1209] CD8A->AML: UNGROUNDED
[185/1209] CD8A->Breast_Cancer: HOLLOW (LEXICAL-COOCCURRENCE) PMID:38420798
[186/1209] CD8A->CLL: AGREE (RELATION-SCREENED) PMID:21044363
[187/1209] CD8A->CML: UNGROUNDED
[188/1209] CD8A->Colorectal_Cancer: UNGROUNDED
[189/1209] CD8A->Ewing_Sarcoma: UNGROUNDED
[190/1209] CD8A->GIST: UNGROUNDED
[191/1209] CD8A->Glioblastoma: AGREE (RELATION-SCREENED) PMID:28912897
[192/1209] CD8A->HCC: AGREE (RELATION-SCREENED) PMID:40146476
[193/1209] CD8A->Li_Fraumeni_Syndrome: UNGROUNDED
[194/1209] CD8A->Multiple_Myeloma: UNGROUNDED
[195/1209] CD8A->Myelofibrosis: UNGROUNDED
[196/1209] CD8A->Ovarian_Cancer: HOLLOW (LEXICAL-COOCCURRENCE) PMID:32793247
[197/1209] CD8A->Pancreatic_Cancer: UNGROUNDED
[198/1209] CD8A->Prostate_Cancer: UNGROUNDED
[199/1209] CD8A->Soft_Tissue_Sarcoma: UNGROUNDED
[200/1209] CD8A->Type2_Diabetes: UNGROUNDED
[201/1209] CLL->AML: HOLLOW (LEXICAL-COOCCURRENCE) PMID:39750299
[202/1209] CLL->Breast_Cancer: AGREE (RELATION-SCREENED) PMID:34879221
[203/1209] CLL->CLL: AGREE (RELATION-SCREENED) PMID:39042920
[204/1209] CLL->CML: HOLLOW (LEXICAL-COOCCURRENCE) PMID:32809325
[205/1209] CLL->Colorectal_Cancer: HOLLOW (LEXICAL-COOCCURRENCE) PMID:40937457
[206/1209] CLL->Ewing_Sarcoma: UNGROUNDED
[207/1209] CLL->GIST: HOLLOW (LEXICAL-COOCCURRENCE) PMID:15766012
[208/1209] CLL->Glioblastoma: HOLLOW (LEXICAL-COOCCURRENCE) PMID:40632976
[209/1209] CLL->HCC: UNGROUNDED
[210/1209] CLL->Li_Fraumeni_Syndrome: UNGROUNDED
[211/1209] CLL->Melanoma: AGREE (RELATION-SCREENED) PMID:37946198
[212/1209] CLL->Multiple_Myeloma: AGREE (RELATION-SCREENED) PMID:39222647
[213/1209] CLL->Myelofibrosis: AGREE (RELATION-SCREENED) PMID:30159182
[214/1209] CLL->NSCLC: HOLLOW (LEXICAL-COOCCURRENCE) PMID:39466024
[215/1209] CLL->Ovarian_Cancer: AGREE (RELATION-SCREENED) PMID:40305105
[216/1209] CLL->Pancreatic_Cancer: HOLLOW (LEXICAL-COOCCURRENCE) PMID:30155839
[217/1209] CLL->Prostate_Cancer: AGREE (RELATION-SCREENED) PMID:38033506
[218/1209] CLL->RCC: AGREE (RELATION-SCREENED) PMID:29401514
[219/1209] CLL->Soft_Tissue_Sarcoma: HOLLOW (LEXICAL-COOCCURRENCE) PMID:25694496
[220/1209] CLL->Type2_Diabetes: UNGROUNDED
[221/1209] CML->AML: HOLLOW (LEXICAL-COOCCURRENCE) PMID:31907378
[222/1209] CML->Breast_Cancer: AGREE (RELATION-SCREENED) PMID:41935427
[223/1209] CML->CLL: HOLLOW (LEXICAL-COOCCURRENCE) PMID:32809325
[224/1209] CML->CML: AGREE (RELATION-SCREENED) PMID:37051025
[225/1209] CML->Colorectal_Cancer: AGREE (RELATION-SCREENED) PMID:33780524
[226/1209] CML->Ewing_Sarcoma: AGREE (RELATION-SCREENED) PMID:37686475
[227/1209] CML->GIST: HOLLOW (LEXICAL-COOCCURRENCE) PMID:35195876
[228/1209] CML->Glioblastoma: AGREE (RELATION-SCREENED) PMID:34113392
[229/1209] CML->HCC: HOLLOW (LEXICAL-COOCCURRENCE) PMID:40564114
[230/1209] CML->Li_Fraumeni_Syndrome: UNGROUNDED
[231/1209] CML->Melanoma: AGREE (RELATION-SCREENED) PMID:22500535
[232/1209] CML->Multiple_Myeloma: HOLLOW (LEXICAL-COOCCURRENCE) PMID:39677110
[233/1209] CML->Myelofibrosis: HOLLOW (LEXICAL-COOCCURRENCE) PMID:27494969
[234/1209] CML->NSCLC: HOLLOW (LEXICAL-COOCCURRENCE) PMID:42185242
[235/1209] CML->Ovarian_Cancer: AGREE (RELATION-SCREENED) PMID:32169887
[236/1209] CML->Pancreatic_Cancer: AGREE (RELATION-SCREENED) PMID:25527756
[237/1209] CML->Prostate_Cancer: AGREE (RELATION-SCREENED) PMID:30938105
[238/1209] CML->RCC: HOLLOW (LEXICAL-COOCCURRENCE) PMID:23636140
[239/1209] CML->Soft_Tissue_Sarcoma: HOLLOW (LEXICAL-COOCCURRENCE) PMID:2661733
[240/1209] CML->Type2_Diabetes: UNGROUNDED
[241/1209] COX2->AML: AGREE (RELATION-SCREENED) PMID:35924589
[242/1209] COX2->Breast_Cancer: AGREE (RELATION-SCREENED) PMID:19421193
[243/1209] COX2->CLL: AGREE (RELATION-SCREENED) PMID:32438315
[244/1209] COX2->CML: HOLLOW (LEXICAL-COOCCURRENCE) PMID:27835591
[245/1209] COX2->Ewing_Sarcoma: UNGROUNDED
[246/1209] COX2->GIST: UNGROUNDED
[247/1209] COX2->Glioblastoma: UNGROUNDED
[248/1209] COX2->HCC: AGREE (RELATION-SCREENED) PMID:31679460
[249/1209] COX2->Li_Fraumeni_Syndrome: UNGROUNDED
[250/1209] COX2->Melanoma: AGREE (RELATION-SCREENED) PMID:32967672
[251/1209] COX2->Multiple_Myeloma: UNGROUNDED
[252/1209] COX2->Myelofibrosis: UNGROUNDED
[253/1209] COX2->NSCLC: HOLLOW (LEXICAL-COOCCURRENCE) PMID:31611604
[254/1209] COX2->Ovarian_Cancer: HOLLOW (LEXICAL-COOCCURRENCE) PMID:33973103
[255/1209] COX2->Pancreatic_Cancer: UNGROUNDED
[256/1209] COX2->Prostate_Cancer: AGREE (RELATION-SCREENED) PMID:17609663
[257/1209] COX2->RCC: UNGROUNDED
[258/1209] COX2->Soft_Tissue_Sarcoma: HOLLOW (LEXICAL-COOCCURRENCE) PMID:19661295
[259/1209] COX2->Type2_Diabetes: UNGROUNDED
[260/1209] CRBN->AML: UNGROUNDED
[261/1209] CRBN->Breast_Cancer: UNGROUNDED
[262/1209] CRBN->CLL: UNGROUNDED
[263/1209] CRBN->CML: AGREE (RELATION-SCREENED) PMID:39591691
[264/1209] CRBN->Colorectal_Cancer: UNGROUNDED
[265/1209] CRBN->Ewing_Sarcoma: UNGROUNDED
[266/1209] CRBN->GIST: UNGROUNDED
[267/1209] CRBN->Glioblastoma: UNGROUNDED
[268/1209] CRBN->HCC: HOLLOW (LEXICAL-COOCCURRENCE) PMID:40813917
[269/1209] CRBN->Li_Fraumeni_Syndrome: UNGROUNDED
[270/1209] CRBN->Melanoma: AGREE (RELATION-SCREENED) PMID:33916291
[271/1209] CRBN->Myelofibrosis: UNGROUNDED
[272/1209] CRBN->NSCLC: AGREE (RELATION-SCREENED) PMID:39591691
[273/1209] CRBN->Ovarian_Cancer: UNGROUNDED
[274/1209] CRBN->Pancreatic_Cancer: UNGROUNDED
[275/1209] CRBN->Prostate_Cancer: HOLLOW (LEXICAL-COOCCURRENCE) PMID:41803265
[276/1209] CRBN->RCC: UNGROUNDED
[277/1209] CRBN->Soft_Tissue_Sarcoma: UNGROUNDED
[278/1209] CRBN->Type2_Diabetes: UNGROUNDED
[279/1209] CTLA4->AML: AGREE (RELATION-SCREENED) PMID:33669431
[280/1209] CTLA4->Breast_Cancer: HOLLOW (LEXICAL-COOCCURRENCE) PMID:38759648
[281/1209] CTLA4->CLL: AGREE (RELATION-SCREENED) PMID:33669431
[282/1209] CTLA4->CML: HOLLOW (LEXICAL-COOCCURRENCE) PMID:29925907
[283/1209] CTLA4->Colorectal_Cancer: UNGROUNDED
[284/1209] CTLA4->Ewing_Sarcoma: UNGROUNDED
[285/1209] CTLA4->GIST: UNGROUNDED
[286/1209] CTLA4->Glioblastoma: UNGROUNDED
[287/1209] CTLA4->HCC: HOLLOW (LEXICAL-COOCCURRENCE) PMID:39965889
[288/1209] CTLA4->Li_Fraumeni_Syndrome: UNGROUNDED
[289/1209] CTLA4->Multiple_Myeloma: AGREE (RELATION-SCREENED) PMID:37122695
[290/1209] CTLA4->Myelofibrosis: UNGROUNDED
[291/1209] CTLA4->NSCLC: AGREE (RELATION-SCREENED) PMID:39385035
[292/1209] CTLA4->Ovarian_Cancer: UNGROUNDED
[293/1209] CTLA4->Pancreatic_Cancer: UNGROUNDED
[294/1209] CTLA4->Prostate_Cancer: HOLLOW (LEXICAL-COOCCURRENCE) PMID:38588411
[295/1209] CTLA4->RCC: UNGROUNDED
[296/1209] CTLA4->Soft_Tissue_Sarcoma: UNGROUNDED
[297/1209] CTLA4->Type2_Diabetes: UNGROUNDED
[298/1209] Colorectal_Cancer->AML: HOLLOW (LEXICAL-COOCCURRENCE) PMID:40475516
[299/1209] Colorectal_Cancer->Breast_Cancer: HOLLOW (LEXICAL-COOCCURRENCE) PMID:36591515
[300/1209] Colorectal_Cancer->CLL: HOLLOW (LEXICAL-COOCCURRENCE) PMID:40937457
[301/1209] Colorectal_Cancer->CML: AGREE (RELATION-SCREENED) PMID:33780524
[302/1209] Colorectal_Cancer->Colorectal_Cancer: HOLLOW (LEXICAL-COOCCURRENCE) PMID:36307056
[303/1209] Colorectal_Cancer->Ewing_Sarcoma: HOLLOW (LEXICAL-COOCCURRENCE) PMID:39336822
[304/1209] Colorectal_Cancer->GIST: HOLLOW (LEXICAL-COOCCURRENCE) PMID:22577890
[305/1209] Colorectal_Cancer->Glioblastoma: HOLLOW (LEXICAL-COOCCURRENCE) PMID:28513565
[306/1209] Colorectal_Cancer->HCC: AGREE (RELATION-SCREENED) PMID:29018272
[307/1209] Colorectal_Cancer->Li_Fraumeni_Syndrome: UNGROUNDED
[308/1209] Colorectal_Cancer->Melanoma: HOLLOW (LEXICAL-COOCCURRENCE) PMID:34686350
[309/1209] Colorectal_Cancer->Multiple_Myeloma: AGREE (RELATION-SCREENED) PMID:38967919
[310/1209] Colorectal_Cancer->Myelofibrosis: HOLLOW (LEXICAL-COOCCURRENCE) PMID:37688502
[311/1209] Colorectal_Cancer->NSCLC: AGREE (RELATION-SCREENED) PMID:32430388
[312/1209] Colorectal_Cancer->Ovarian_Cancer: HOLLOW (LEXICAL-COOCCURRENCE) PMID:36591515
[313/1209] Colorectal_Cancer->Pancreatic_Cancer: AGREE (RELATION-SCREENED) PMID:29307198
[314/1209] Colorectal_Cancer->Prostate_Cancer: UNGROUNDED
[315/1209] Colorectal_Cancer->RCC: AGREE (RELATION-SCREENED) PMID:39273605
[316/1209] Colorectal_Cancer->Soft_Tissue_Sarcoma: HOLLOW (LEXICAL-COOCCURRENCE) PMID:22782591
[317/1209] Colorectal_Cancer->Type2_Diabetes: UNGROUNDED
[318/1209] DHODH->AML: AGREE (RELATION-SCREENED) PMID:41376547
[319/1209] DHODH->Breast_Cancer: HOLLOW (LEXICAL-COOCCURRENCE) PMID:40715045
[320/1209] DHODH->CLL: UNGROUNDED
[321/1209] DHODH->CML: HOLLOW (LEXICAL-COOCCURRENCE) PMID:35773274
[322/1209] DHODH->Colorectal_Cancer: HOLLOW (LEXICAL-COOCCURRENCE) PMID:31841108
[323/1209] DHODH->Ewing_Sarcoma: UNGROUNDED
[324/1209] DHODH->GIST: UNGROUNDED
[325/1209] DHODH->Glioblastoma: HOLLOW (LEXICAL-COOCCURRENCE) PMID:38838551
[326/1209] DHODH->HCC: AGREE (RELATION-SCREENED) PMID:37240659
[327/1209] DHODH->Li_Fraumeni_Syndrome: UNGROUNDED
[328/1209] DHODH->Melanoma: AGREE (RELATION-SCREENED) PMID:41239499
[329/1209] DHODH->Multiple_Myeloma: HOLLOW (LEXICAL-COOCCURRENCE) PMID:19174558
[330/1209] DHODH->Myelofibrosis: UNGROUNDED
[331/1209] DHODH->NSCLC: HOLLOW (LEXICAL-COOCCURRENCE) PMID:36869602
[332/1209] DHODH->Ovarian_Cancer: HOLLOW (LEXICAL-COOCCURRENCE) PMID:41091828
[333/1209] DHODH->Pancreatic_Cancer: HOLLOW (LEXICAL-COOCCURRENCE) PMID:36341997
[334/1209] DHODH->Prostate_Cancer: AGREE (RELATION-SCREENED) PMID:38480915
[335/1209] DHODH->RCC: UNGROUNDED
[336/1209] DHODH->Soft_Tissue_Sarcoma: UNGROUNDED
[337/1209] DHODH->Type2_Diabetes: UNGROUNDED
[338/1209] ERBB4->AML: UNGROUNDED
[339/1209] ERBB4->Breast_Cancer: AGREE (RELATION-SCREENED) PMID:40997802
[340/1209] ERBB4->CLL: UNGROUNDED
[341/1209] ERBB4->CML: UNGROUNDED
[342/1209] ERBB4->Colorectal_Cancer: UNGROUNDED
[343/1209] ERBB4->Ewing_Sarcoma: AGREE (RELATION-SCREENED) PMID:17409416
[344/1209] ERBB4->GIST: UNGROUNDED
[345/1209] ERBB4->Glioblastoma: HOLLOW (LEXICAL-COOCCURRENCE) PMID:30044378
[346/1209] ERBB4->HCC: AGREE (RELATION-SCREENED) PMID:34435526
[347/1209] ERBB4->Li_Fraumeni_Syndrome: UNGROUNDED
[348/1209] ERBB4->Melanoma: HOLLOW (LEXICAL-COOCCURRENCE) PMID:32219702
[349/1209] ERBB4->Multiple_Myeloma: UNGROUNDED
[350/1209] ERBB4->Myelofibrosis: UNGROUNDED
[351/1209] ERBB4->Ovarian_Cancer: AGREE (RELATION-SCREENED) PMID:30485824
[352/1209] ERBB4->Pancreatic_Cancer: UNGROUNDED
[353/1209] ERBB4->Prostate_Cancer: AGREE (RELATION-SCREENED) PMID:27609473
[354/1209] ERBB4->RCC: HOLLOW (LEXICAL-COOCCURRENCE) PMID:26551931
[355/1209] ERBB4->Soft_Tissue_Sarcoma: UNGROUNDED
[356/1209] ERBB4->Type2_Diabetes: UNGROUNDED
[357/1209] Erlotinib->AML: AGREE (RELATION-SCREENED) PMID:38077322
[358/1209] Erlotinib->Breast_Cancer: HOLLOW (LEXICAL-COOCCURRENCE) PMID:24789362
[359/1209] Erlotinib->CLL: UNGROUNDED
[360/1209] Erlotinib->CML: HOLLOW (LEXICAL-COOCCURRENCE) PMID:30728276
[361/1209] Erlotinib->Colorectal_Cancer: HOLLOW (LEXICAL-COOCCURRENCE) PMID:24789362
[362/1209] Erlotinib->Ewing_Sarcoma: UNGROUNDED
[363/1209] Erlotinib->GIST: AGREE (RELATION-SCREENED) PMID:27040071
[364/1209] Erlotinib->Glioblastoma: AGREE (RELATION-SCREENED) PMID:22588876
[365/1209] Erlotinib->HCC: HOLLOW (LEXICAL-COOCCURRENCE) PMID:36066408
[366/1209] Erlotinib->Li_Fraumeni_Syndrome: UNGROUNDED
[367/1209] Erlotinib->Melanoma: HOLLOW (LEXICAL-COOCCURRENCE) PMID:24789362
[368/1209] Erlotinib->Multiple_Myeloma: HOLLOW (LEXICAL-COOCCURRENCE) PMID:24901237
[369/1209] Erlotinib->Myelofibrosis: UNGROUNDED
[370/1209] Erlotinib->Ovarian_Cancer: HOLLOW (LEXICAL-COOCCURRENCE) PMID:35748819
[371/1209] Erlotinib->Prostate_Cancer: HOLLOW (LEXICAL-COOCCURRENCE) PMID:24789362
[372/1209] Erlotinib->Soft_Tissue_Sarcoma: UNGROUNDED
[373/1209] Erlotinib->Type2_Diabetes: UNGROUNDED
[374/1209] FKBP1A->AML: UNGROUNDED
[375/1209] FKBP1A->Breast_Cancer: HOLLOW (LEXICAL-COOCCURRENCE) PMID:37484811
[376/1209] FKBP1A->CLL: UNGROUNDED
[377/1209] FKBP1A->CML: UNGROUNDED
[378/1209] FKBP1A->Colorectal_Cancer: UNGROUNDED
[379/1209] FKBP1A->Ewing_Sarcoma: UNGROUNDED
[380/1209] FKBP1A->GIST: UNGROUNDED
[381/1209] FKBP1A->Glioblastoma: HOLLOW (LEXICAL-COOCCURRENCE) PMID:36499275
[382/1209] FKBP1A->HCC: AGREE (RELATION-SCREENED) PMID:35402224
[383/1209] FKBP1A->Li_Fraumeni_Syndrome: UNGROUNDED
[384/1209] FKBP1A->Melanoma: UNGROUNDED
[385/1209] FKBP1A->Multiple_Myeloma: UNGROUNDED
[386/1209] FKBP1A->Myelofibrosis: UNGROUNDED
[387/1209] FKBP1A->NSCLC: UNGROUNDED
[388/1209] FKBP1A->Ovarian_Cancer: HOLLOW (LEXICAL-COOCCURRENCE) PMID:37715833
[389/1209] FKBP1A->Pancreatic_Cancer: AGREE (RELATION-SCREENED) PMID:38570626
[390/1209] FKBP1A->Prostate_Cancer: HOLLOW (LEXICAL-COOCCURRENCE) PMID:34469009
[391/1209] FKBP1A->Soft_Tissue_Sarcoma: UNGROUNDED
[392/1209] FKBP1A->Type2_Diabetes: UNGROUNDED
[393/1209] FOXP3->AML: AGREE (RELATION-SCREENED) PMID:32802845
[394/1209] FOXP3->CLL: HOLLOW (LEXICAL-COOCCURRENCE) PMID:36973425
[395/1209] FOXP3->CML: AGREE (RELATION-SCREENED) PMID:34727093
[396/1209] FOXP3->Colorectal_Cancer: HOLLOW (LEXICAL-COOCCURRENCE) PMID:39681594
[397/1209] FOXP3->Ewing_Sarcoma: UNGROUNDED
[398/1209] FOXP3->GIST: AGREE (RELATION-SCREENED) PMID:23592754
[399/1209] FOXP3->Glioblastoma: HOLLOW (LEXICAL-COOCCURRENCE) PMID:23888189
[400/1209] FOXP3->HCC: HOLLOW (LEXICAL-COOCCURRENCE) PMID:40500691
[401/1209] FOXP3->Li_Fraumeni_Syndrome: UNGROUNDED
[402/1209] FOXP3->Multiple_Myeloma: AGREE (RELATION-SCREENED) PMID:25099367
[403/1209] FOXP3->Myelofibrosis: UNGROUNDED
[404/1209] FOXP3->NSCLC: HOLLOW (LEXICAL-COOCCURRENCE) PMID:36588094
[405/1209] FOXP3->Ovarian_Cancer: UNGROUNDED
[406/1209] FOXP3->Pancreatic_Cancer: AGREE (RELATION-SCREENED) PMID:36749873
[407/1209] FOXP3->Prostate_Cancer: HOLLOW (LEXICAL-COOCCURRENCE) PMID:33513396
[408/1209] FOXP3->RCC: AGREE (RELATION-SCREENED) PMID:37667956
[409/1209] FOXP3->Soft_Tissue_Sarcoma: UNGROUNDED
[410/1209] FOXP3->Type2_Diabetes: UNGROUNDED
[411/1209] GIST->AML: AGREE (RELATION-SCREENED) PMID:29704617
[412/1209] GIST->Breast_Cancer: HOLLOW (LEXICAL-COOCCURRENCE) PMID:25921818
[413/1209] GIST->CLL: HOLLOW (LEXICAL-COOCCURRENCE) PMID:15766012
[414/1209] GIST->CML: HOLLOW (LEXICAL-COOCCURRENCE) PMID:35195876
[415/1209] GIST->Colorectal_Cancer: HOLLOW (LEXICAL-COOCCURRENCE) PMID:22577890
[416/1209] GIST->Ewing_Sarcoma: HOLLOW (LEXICAL-COOCCURRENCE) PMID:32541320
[417/1209] GIST->GIST: AGREE (RELATION-SCREENED) PMID:33402214
[418/1209] GIST->Glioblastoma: AGREE (RELATION-SCREENED) PMID:42132406
[419/1209] GIST->HCC: HOLLOW (LEXICAL-COOCCURRENCE) PMID:32199197
[420/1209] GIST->Li_Fraumeni_Syndrome: UNGROUNDED
[421/1209] GIST->Melanoma: AGREE (RELATION-SCREENED) PMID:30242244
[422/1209] GIST->Multiple_Myeloma: AGREE (RELATION-SCREENED) PMID:30742299
[423/1209] GIST->Myelofibrosis: UNGROUNDED
[424/1209] GIST->NSCLC: HOLLOW (LEXICAL-COOCCURRENCE) PMID:36907503
[425/1209] GIST->Ovarian_Cancer: HOLLOW (LEXICAL-COOCCURRENCE) PMID:25510814
[426/1209] GIST->Pancreatic_Cancer: HOLLOW (LEXICAL-COOCCURRENCE) PMID:35176585
[427/1209] GIST->Prostate_Cancer: AGREE (RELATION-SCREENED) PMID:21226671
[428/1209] GIST->RCC: HOLLOW (LEXICAL-COOCCURRENCE) PMID:20072832
[429/1209] GIST->Soft_Tissue_Sarcoma: AGREE (RELATION-SCREENED) PMID:31236647
[430/1209] GIST->Type2_Diabetes: UNGROUNDED
[431/1209] HCC->AML: AGREE (RELATION-SCREENED) PMID:38546391
[432/1209] HCC->Breast_Cancer: HOLLOW (LEXICAL-COOCCURRENCE) PMID:31314381
[433/1209] HCC->CLL: UNGROUNDED
[434/1209] HCC->CML: HOLLOW (LEXICAL-COOCCURRENCE) PMID:40564114
[435/1209] HCC->Colorectal_Cancer: AGREE (RELATION-SCREENED) PMID:29018272
[436/1209] HCC->Ewing_Sarcoma: AGREE (RELATION-SCREENED) PMID:36421017
[437/1209] HCC->GIST: HOLLOW (LEXICAL-COOCCURRENCE) PMID:32199197
[438/1209] HCC->Glioblastoma: AGREE (RELATION-SCREENED) PMID:37469132
[439/1209] HCC->HCC: AGREE (RELATION-SCREENED) PMID:36729264
[440/1209] HCC->Li_Fraumeni_Syndrome: UNGROUNDED
[441/1209] HCC->Melanoma: AGREE (RELATION-SCREENED) PMID:39273605
[442/1209] HCC->Multiple_Myeloma: HOLLOW (LEXICAL-COOCCURRENCE) PMID:34771643
[443/1209] HCC->Myelofibrosis: UNGROUNDED
[444/1209] HCC->NSCLC: HOLLOW (LEXICAL-COOCCURRENCE) PMID:36795905
[445/1209] HCC->Ovarian_Cancer: HOLLOW (LEXICAL-COOCCURRENCE) PMID:40717587
[446/1209] HCC->Pancreatic_Cancer: HOLLOW (LEXICAL-COOCCURRENCE) PMID:32644603
[447/1209] HCC->Prostate_Cancer: UNGROUNDED
[448/1209] HCC->RCC: AGREE (RELATION-SCREENED) PMID:37469132
[449/1209] HCC->Soft_Tissue_Sarcoma: HOLLOW (LEXICAL-COOCCURRENCE) PMID:24756792
[450/1209] HCC->Type2_Diabetes: UNGROUNDED
[451/1209] HDAC1->CLL: AGREE (RELATION-SCREENED) PMID:38579402
[452/1209] HDAC1->CML: HOLLOW (LEXICAL-COOCCURRENCE) PMID:30464631
[453/1209] HDAC1->Colorectal_Cancer: HOLLOW (LEXICAL-COOCCURRENCE) PMID:39888307
[454/1209] HDAC1->Ewing_Sarcoma: UNGROUNDED
[455/1209] HDAC1->GIST: UNGROUNDED
[456/1209] HDAC1->Glioblastoma: AGREE (RELATION-SCREENED) PMID:32328646
[457/1209] HDAC1->HCC: AGREE (RELATION-SCREENED) PMID:40234449
[458/1209] HDAC1->Li_Fraumeni_Syndrome: UNGROUNDED
[459/1209] HDAC1->Melanoma: AGREE (RELATION-SCREENED) PMID:34610961
[460/1209] HDAC1->Multiple_Myeloma: AGREE (RELATION-SCREENED) PMID:28119431
[461/1209] HDAC1->Myelofibrosis: UNGROUNDED
[462/1209] HDAC1->NSCLC: AGREE (RELATION-SCREENED) PMID:41427950
[463/1209] HDAC1->Ovarian_Cancer: HOLLOW (LEXICAL-COOCCURRENCE) PMID:38254102
[464/1209] HDAC1->Pancreatic_Cancer: AGREE (RELATION-SCREENED) PMID:37553876
[465/1209] HDAC1->Prostate_Cancer: HOLLOW (LEXICAL-COOCCURRENCE) PMID:41077333
[466/1209] HDAC1->RCC: HOLLOW (LEXICAL-COOCCURRENCE) PMID:38702028
[467/1209] HDAC1->Soft_Tissue_Sarcoma: UNGROUNDED
[468/1209] HDAC1->Type2_Diabetes: UNGROUNDED
[469/1209] HDAC2->Breast_Cancer: AGREE (RELATION-SCREENED) PMID:38413797
[470/1209] HDAC2->CLL: HOLLOW (LEXICAL-COOCCURRENCE) PMID:16818655
[471/1209] HDAC2->CML: HOLLOW (LEXICAL-COOCCURRENCE) PMID:35494464
[472/1209] HDAC2->Ewing_Sarcoma: UNGROUNDED
[473/1209] HDAC2->GIST: UNGROUNDED
[474/1209] HDAC2->Glioblastoma: HOLLOW (LEXICAL-COOCCURRENCE) PMID:35260183
[475/1209] HDAC2->HCC: AGREE (RELATION-SCREENED) PMID:39147759
[476/1209] HDAC2->Li_Fraumeni_Syndrome: UNGROUNDED
[477/1209] HDAC2->Melanoma: AGREE (RELATION-SCREENED) PMID:40777322
[478/1209] HDAC2->Multiple_Myeloma: HOLLOW (LEXICAL-COOCCURRENCE) PMID:37488358
[479/1209] HDAC2->Myelofibrosis: UNGROUNDED
[480/1209] HDAC2->NSCLC: AGREE (RELATION-SCREENED) PMID:37401867
[481/1209] HDAC2->Ovarian_Cancer: AGREE (RELATION-SCREENED) PMID:26683361
[482/1209] HDAC2->Pancreatic_Cancer: HOLLOW (LEXICAL-COOCCURRENCE) PMID:34903606
[483/1209] HDAC2->Prostate_Cancer: HOLLOW (LEXICAL-COOCCURRENCE) PMID:37528657
[484/1209] HDAC2->RCC: HOLLOW (LEXICAL-COOCCURRENCE) PMID:39509670
[485/1209] HDAC2->Soft_Tissue_Sarcoma: UNGROUNDED
[486/1209] HDAC2->Type2_Diabetes: UNGROUNDED
[487/1209] HIF1A->AML: HOLLOW (LEXICAL-COOCCURRENCE) PMID:38660843
[488/1209] HIF1A->Breast_Cancer: AGREE (RELATION-SCREENED) PMID:36803235
[489/1209] HIF1A->CLL: AGREE (RELATION-SCREENED) PMID:28038356
[490/1209] HIF1A->CML: AGREE (RELATION-SCREENED) PMID:30153072
[491/1209] HIF1A->Colorectal_Cancer: HOLLOW (LEXICAL-COOCCURRENCE) PMID:37816999
[492/1209] HIF1A->Ewing_Sarcoma: UNGROUNDED
[493/1209] HIF1A->GIST: HOLLOW (LEXICAL-COOCCURRENCE) PMID:24133624
[494/1209] HIF1A->HCC: HOLLOW (LEXICAL-COOCCURRENCE) PMID:39753865
[495/1209] HIF1A->Li_Fraumeni_Syndrome: UNGROUNDED
[496/1209] HIF1A->Melanoma: AGREE (RELATION-SCREENED) PMID:24767210
[497/1209] HIF1A->Multiple_Myeloma: UNGROUNDED
[498/1209] HIF1A->Myelofibrosis: UNGROUNDED
[499/1209] HIF1A->NSCLC: HOLLOW (LEXICAL-COOCCURRENCE) PMID:36399857
[500/1209] HIF1A->Ovarian_Cancer: HOLLOW (LEXICAL-COOCCURRENCE) PMID:39353336
[501/1209] HIF1A->Prostate_Cancer: AGREE (RELATION-SCREENED) PMID:28415653
[502/1209] HIF1A->Soft_Tissue_Sarcoma: HOLLOW (LEXICAL-COOCCURRENCE) PMID:19671876
[503/1209] HIF1A->Type2_Diabetes: UNGROUNDED
[504/1209] HMGCR->AML: HOLLOW (LEXICAL-COOCCURRENCE) PMID:32944189
[505/1209] HMGCR->Breast_Cancer: AGREE (RELATION-SCREENED) PMID:39143707
[506/1209] HMGCR->CLL: HOLLOW (LEXICAL-COOCCURRENCE) PMID:35761419
[507/1209] HMGCR->CML: UNGROUNDED
[508/1209] HMGCR->Colorectal_Cancer: HOLLOW (LEXICAL-COOCCURRENCE) PMID:38971271
[509/1209] HMGCR->Ewing_Sarcoma: UNGROUNDED
[510/1209] HMGCR->GIST: UNGROUNDED
[511/1209] HMGCR->Glioblastoma: HOLLOW (LEXICAL-COOCCURRENCE) PMID:26432005
[512/1209] HMGCR->HCC: HOLLOW (LEXICAL-COOCCURRENCE) PMID:38178583
[513/1209] HMGCR->Li_Fraumeni_Syndrome: UNGROUNDED
[514/1209] HMGCR->Melanoma: AGREE (RELATION-SCREENED) PMID:40509568
[515/1209] HMGCR->Multiple_Myeloma: UNGROUNDED
[516/1209] HMGCR->Myelofibrosis: UNGROUNDED
[517/1209] HMGCR->NSCLC: AGREE (RELATION-SCREENED) PMID:40509568
[518/1209] HMGCR->Ovarian_Cancer: AGREE (RELATION-SCREENED) PMID:38651149
[519/1209] HMGCR->Pancreatic_Cancer: HOLLOW (LEXICAL-COOCCURRENCE) PMID:41366470
[520/1209] HMGCR->Prostate_Cancer: AGREE (RELATION-SCREENED) PMID:40762635
[521/1209] HMGCR->RCC: AGREE (RELATION-SCREENED) PMID:34712689
[522/1209] HMGCR->Soft_Tissue_Sarcoma: UNGROUNDED
[523/1209] HMGCR->Type2_Diabetes: UNGROUNDED
[524/1209] HRH2->AML: HOLLOW (LEXICAL-COOCCURRENCE) PMID:39918973
[525/1209] HRH2->Breast_Cancer: AGREE (RELATION-SCREENED) PMID:25922853
[526/1209] HRH2->CLL: UNGROUNDED
[527/1209] HRH2->CML: UNGROUNDED
[528/1209] HRH2->Colorectal_Cancer: UNGROUNDED
[529/1209] HRH2->Ewing_Sarcoma: UNGROUNDED
[530/1209] HRH2->GIST: UNGROUNDED
[531/1209] HRH2->Glioblastoma: UNGROUNDED
[532/1209] HRH2->HCC: HOLLOW (LEXICAL-COOCCURRENCE) PMID:34535664
[533/1209] HRH2->Li_Fraumeni_Syndrome: UNGROUNDED
[534/1209] HRH2->Melanoma: UNGROUNDED
[535/1209] HRH2->Multiple_Myeloma: UNGROUNDED
[536/1209] HRH2->Myelofibrosis: UNGROUNDED
[537/1209] HRH2->NSCLC: UNGROUNDED
[538/1209] HRH2->Ovarian_Cancer: UNGROUNDED
[539/1209] HRH2->Pancreatic_Cancer: UNGROUNDED
[540/1209] HRH2->Prostate_Cancer: UNGROUNDED
[541/1209] HRH2->RCC: UNGROUNDED
[542/1209] HRH2->Soft_Tissue_Sarcoma: UNGROUNDED
[543/1209] HRH2->Type2_Diabetes: UNGROUNDED
[544/1209] IL6->Breast_Cancer: HOLLOW (LEXICAL-COOCCURRENCE) PMID:32679107
[545/1209] IL6->CLL: UNGROUNDED
[546/1209] IL6->CML: UNGROUNDED
[547/1209] IL6->Colorectal_Cancer: UNGROUNDED
[548/1209] IL6->Ewing_Sarcoma: HOLLOW (LEXICAL-COOCCURRENCE) PMID:26215971
[549/1209] IL6->GIST: UNGROUNDED
[550/1209] IL6->Glioblastoma: UNGROUNDED
[551/1209] IL6->HCC: UNGROUNDED
[552/1209] IL6->Li_Fraumeni_Syndrome: UNGROUNDED
[553/1209] IL6->Melanoma: UNGROUNDED
[554/1209] IL6->Myelofibrosis: UNGROUNDED
[555/1209] IL6->NSCLC: AGREE (RELATION-SCREENED) PMID:36595561
[556/1209] IL6->Pancreatic_Cancer: HOLLOW (LEXICAL-COOCCURRENCE) PMID:38174993
[557/1209] IL6->Prostate_Cancer: AGREE (RELATION-SCREENED) PMID:35710492
[558/1209] IL6->RCC: UNGROUNDED
[559/1209] IL6->Soft_Tissue_Sarcoma: UNGROUNDED
[560/1209] IL6->Type2_Diabetes: UNGROUNDED
[561/1209] MAP2K1->Breast_Cancer: UNGROUNDED
[562/1209] MAP2K1->CLL: AGREE (RELATION-SCREENED) PMID:35472012
[563/1209] MAP2K1->CML: UNGROUNDED
[564/1209] MAP2K1->Colorectal_Cancer: AGREE (RELATION-SCREENED) PMID:34046359
[565/1209] MAP2K1->Ewing_Sarcoma: UNGROUNDED
[566/1209] MAP2K1->GIST: UNGROUNDED
[567/1209] MAP2K1->Glioblastoma: UNGROUNDED
[568/1209] MAP2K1->HCC: AGREE (RELATION-SCREENED) PMID:37029817
[569/1209] MAP2K1->Li_Fraumeni_Syndrome: UNGROUNDED
[570/1209] MAP2K1->Multiple_Myeloma: UNGROUNDED
[571/1209] MAP2K1->Myelofibrosis: UNGROUNDED
[572/1209] MAP2K1->NSCLC: HOLLOW (LEXICAL-COOCCURRENCE) PMID:33824136
[573/1209] MAP2K1->Ovarian_Cancer: UNGROUNDED
[574/1209] MAP2K1->Pancreatic_Cancer: AGREE (RELATION-SCREENED) PMID:36999792
[575/1209] MAP2K1->Prostate_Cancer: HOLLOW (LEXICAL-COOCCURRENCE) PMID:40764606
[576/1209] MAP2K1->RCC: HOLLOW (LEXICAL-COOCCURRENCE) PMID:29270287
[577/1209] MAP2K1->Soft_Tissue_Sarcoma: UNGROUNDED
[578/1209] MAP2K1->Type2_Diabetes: UNGROUNDED
[579/1209] MAP2K2->Breast_Cancer: UNGROUNDED
[580/1209] MAP2K2->CLL: UNGROUNDED
[581/1209] MAP2K2->CML: UNGROUNDED
[582/1209] MAP2K2->Colorectal_Cancer: UNGROUNDED
[583/1209] MAP2K2->Ewing_Sarcoma: UNGROUNDED
[584/1209] MAP2K2->GIST: UNGROUNDED
[585/1209] MAP2K2->Glioblastoma: UNGROUNDED
[586/1209] MAP2K2->HCC: AGREE (RELATION-SCREENED) PMID:40383831
[587/1209] MAP2K2->Li_Fraumeni_Syndrome: UNGROUNDED
[588/1209] MAP2K2->Multiple_Myeloma: HOLLOW (LEXICAL-COOCCURRENCE) PMID:35075244
[589/1209] MAP2K2->Myelofibrosis: UNGROUNDED
[590/1209] MAP2K2->NSCLC: AGREE (RELATION-SCREENED) PMID:40934540
[591/1209] MAP2K2->Ovarian_Cancer: UNGROUNDED
[592/1209] MAP2K2->Pancreatic_Cancer: UNGROUNDED
[593/1209] MAP2K2->Prostate_Cancer: UNGROUNDED
[594/1209] MAP2K2->RCC: UNGROUNDED
[595/1209] MAP2K2->Soft_Tissue_Sarcoma: UNGROUNDED
[596/1209] MAP2K2->Type2_Diabetes: UNGROUNDED
[597/1209] MMP1->AML: HOLLOW (LEXICAL-COOCCURRENCE) PMID:30747385
[598/1209] MMP1->Breast_Cancer: HOLLOW (LEXICAL-COOCCURRENCE) PMID:40287412
[599/1209] MMP1->CLL: AGREE (RELATION-SCREENED) PMID:17089045
[600/1209] MMP1->CML: HOLLOW (LEXICAL-COOCCURRENCE) PMID:26309782
[601/1209] MMP1->Colorectal_Cancer: AGREE (RELATION-SCREENED) PMID:40681672
[602/1209] MMP1->Ewing_Sarcoma: AGREE (RELATION-SCREENED) PMID:23204234
[603/1209] MMP1->GIST: HOLLOW (LEXICAL-COOCCURRENCE) PMID:24379393
[604/1209] MMP1->Glioblastoma: HOLLOW (LEXICAL-COOCCURRENCE) PMID:40168776
[605/1209] MMP1->HCC: AGREE (RELATION-SCREENED) PMID:40826252
[606/1209] MMP1->Li_Fraumeni_Syndrome: UNGROUNDED
[607/1209] MMP1->Melanoma: AGREE (RELATION-SCREENED) PMID:34587931
[608/1209] MMP1->Multiple_Myeloma: UNGROUNDED
[609/1209] MMP1->Myelofibrosis: UNGROUNDED
[610/1209] MMP1->NSCLC: HOLLOW (LEXICAL-COOCCURRENCE) PMID:39663393
[611/1209] MMP1->Ovarian_Cancer: AGREE (RELATION-SCREENED) PMID:28957437
[612/1209] MMP1->Pancreatic_Cancer: AGREE (RELATION-SCREENED) PMID:40092486
[613/1209] MMP1->Prostate_Cancer: HOLLOW (LEXICAL-COOCCURRENCE) PMID:27378148
[614/1209] MMP1->RCC: AGREE (RELATION-SCREENED) PMID:38580797
[615/1209] MMP1->Soft_Tissue_Sarcoma: UNGROUNDED
[616/1209] MMP1->Type2_Diabetes: UNGROUNDED
[617/1209] MMP13->AML: UNGROUNDED
[618/1209] MMP13->Breast_Cancer: AGREE (RELATION-SCREENED) PMID:35042959
[619/1209] MMP13->CLL: UNGROUNDED
[620/1209] MMP13->CML: UNGROUNDED
[621/1209] MMP13->Colorectal_Cancer: AGREE (RELATION-SCREENED) PMID:38936942
[622/1209] MMP13->Ewing_Sarcoma: UNGROUNDED
[623/1209] MMP13->GIST: UNGROUNDED
[624/1209] MMP13->Glioblastoma: UNGROUNDED
[625/1209] MMP13->HCC: AGREE (RELATION-SCREENED) PMID:23762330
[626/1209] MMP13->Li_Fraumeni_Syndrome: UNGROUNDED
[627/1209] MMP13->Melanoma: AGREE (RELATION-SCREENED) PMID:38527983
[628/1209] MMP13->Multiple_Myeloma: HOLLOW (LEXICAL-COOCCURRENCE) PMID:25966777
[629/1209] MMP13->Myelofibrosis: UNGROUNDED
[630/1209] MMP13->NSCLC: AGREE (RELATION-SCREENED) PMID:30889876
[631/1209] MMP13->Ovarian_Cancer: HOLLOW (LEXICAL-COOCCURRENCE) PMID:31587013
[632/1209] MMP13->Pancreatic_Cancer: HOLLOW (LEXICAL-COOCCURRENCE) PMID:25511698
[633/1209] MMP13->Prostate_Cancer: UNGROUNDED
[634/1209] MMP13->RCC: UNGROUNDED
[635/1209] MMP13->Soft_Tissue_Sarcoma: UNGROUNDED
[636/1209] MMP13->Type2_Diabetes: UNGROUNDED
[637/1209] MMP2->AML: HOLLOW (LEXICAL-COOCCURRENCE) PMID:38477642
[638/1209] MMP2->CLL: HOLLOW (LEXICAL-COOCCURRENCE) PMID:32007924
[639/1209] MMP2->CML: AGREE (RELATION-SCREENED) PMID:27603913
[640/1209] MMP2->Colorectal_Cancer: AGREE (RELATION-SCREENED) PMID:35818579
[641/1209] MMP2->Ewing_Sarcoma: UNGROUNDED
[642/1209] MMP2->GIST: HOLLOW (LEXICAL-COOCCURRENCE) PMID:29902839
[643/1209] MMP2->Glioblastoma: UNGROUNDED
[644/1209] MMP2->HCC: AGREE (RELATION-SCREENED) PMID:39695147
[645/1209] MMP2->Li_Fraumeni_Syndrome: UNGROUNDED
[646/1209] MMP2->Multiple_Myeloma: UNGROUNDED
[647/1209] MMP2->Myelofibrosis: UNGROUNDED
[648/1209] MMP2->NSCLC: HOLLOW (LEXICAL-COOCCURRENCE) PMID:26044095
[649/1209] MMP2->Ovarian_Cancer: UNGROUNDED
[650/1209] MMP2->Pancreatic_Cancer: HOLLOW (LEXICAL-COOCCURRENCE) PMID:30720116
[651/1209] MMP2->Prostate_Cancer: AGREE (RELATION-SCREENED) PMID:28445160
[652/1209] MMP2->RCC: HOLLOW (LEXICAL-COOCCURRENCE) PMID:37454877
[653/1209] MMP2->Soft_Tissue_Sarcoma: AGREE (RELATION-SCREENED) PMID:11249053
[654/1209] MMP2->Type2_Diabetes: UNGROUNDED
[655/1209] MMP7->AML: AGREE (RELATION-SCREENED) PMID:30809850
[656/1209] MMP7->Breast_Cancer: AGREE (RELATION-SCREENED) PMID:35200585
[657/1209] MMP7->CLL: UNGROUNDED
[658/1209] MMP7->CML: UNGROUNDED
[659/1209] MMP7->Colorectal_Cancer: UNGROUNDED
[660/1209] MMP7->Ewing_Sarcoma: UNGROUNDED
[661/1209] MMP7->GIST: AGREE (RELATION-SCREENED) PMID:23536344
[662/1209] MMP7->Glioblastoma: AGREE (RELATION-SCREENED) PMID:29556339
[663/1209] MMP7->HCC: HOLLOW (LEXICAL-COOCCURRENCE) PMID:38521868
[664/1209] MMP7->Li_Fraumeni_Syndrome: UNGROUNDED
[665/1209] MMP7->Melanoma: AGREE (RELATION-SCREENED) PMID:30414845
[666/1209] MMP7->Multiple_Myeloma: UNGROUNDED
[667/1209] MMP7->Myelofibrosis: UNGROUNDED
[668/1209] MMP7->NSCLC: HOLLOW (LEXICAL-COOCCURRENCE) PMID:39187937
[669/1209] MMP7->Ovarian_Cancer: AGREE (RELATION-SCREENED) PMID:32377701
[670/1209] MMP7->Pancreatic_Cancer: AGREE (RELATION-SCREENED) PMID:35064782
[671/1209] MMP7->Prostate_Cancer: HOLLOW (LEXICAL-COOCCURRENCE) PMID:27375020
[672/1209] MMP7->RCC: AGREE (RELATION-SCREENED) PMID:27278120
[673/1209] MMP7->Soft_Tissue_Sarcoma: UNGROUNDED
[674/1209] MMP7->Type2_Diabetes: UNGROUNDED
[675/1209] MMP8->AML: HOLLOW (LEXICAL-COOCCURRENCE) PMID:36212177
[676/1209] MMP8->Breast_Cancer: AGREE (RELATION-SCREENED) PMID:39361067
[677/1209] MMP8->CLL: UNGROUNDED
[678/1209] MMP8->CML: HOLLOW (LEXICAL-COOCCURRENCE) PMID:17094012
[679/1209] MMP8->Colorectal_Cancer: AGREE (RELATION-SCREENED) PMID:38031100
[680/1209] MMP8->Ewing_Sarcoma: UNGROUNDED
[681/1209] MMP8->GIST: UNGROUNDED
[682/1209] MMP8->Glioblastoma: UNGROUNDED
[683/1209] MMP8->HCC: HOLLOW (LEXICAL-COOCCURRENCE) PMID:36169759
[684/1209] MMP8->Li_Fraumeni_Syndrome: UNGROUNDED
[685/1209] MMP8->Melanoma: AGREE (RELATION-SCREENED) PMID:21642878
[686/1209] MMP8->Multiple_Myeloma: UNGROUNDED
[687/1209] MMP8->Myelofibrosis: UNGROUNDED
[688/1209] MMP8->NSCLC: UNGROUNDED
[689/1209] MMP8->Ovarian_Cancer: UNGROUNDED
[690/1209] MMP8->Pancreatic_Cancer: UNGROUNDED
[691/1209] MMP8->Prostate_Cancer: UNGROUNDED
[692/1209] MMP8->RCC: UNGROUNDED
[693/1209] MMP8->Soft_Tissue_Sarcoma: UNGROUNDED
[694/1209] MMP8->Type2_Diabetes: UNGROUNDED
[695/1209] MMP9->AML: UNGROUNDED
[696/1209] MMP9->CLL: HOLLOW (LEXICAL-COOCCURRENCE) PMID:40295829
[697/1209] MMP9->CML: HOLLOW (LEXICAL-COOCCURRENCE) PMID:35111390
[698/1209] MMP9->Ewing_Sarcoma: AGREE (RELATION-SCREENED) PMID:24810959
[699/1209] MMP9->GIST: AGREE (RELATION-SCREENED) PMID:40233502
[700/1209] MMP9->Glioblastoma: HOLLOW (LEXICAL-COOCCURRENCE) PMID:36969457
[701/1209] MMP9->HCC: HOLLOW (LEXICAL-COOCCURRENCE) PMID:38123979
[702/1209] MMP9->Li_Fraumeni_Syndrome: UNGROUNDED
[703/1209] MMP9->Melanoma: AGREE (RELATION-SCREENED) PMID:34587931
[704/1209] MMP9->Multiple_Myeloma: UNGROUNDED
[705/1209] MMP9->Myelofibrosis: UNGROUNDED
[706/1209] MMP9->Ovarian_Cancer: HOLLOW (LEXICAL-COOCCURRENCE) PMID:40304331
[707/1209] MMP9->Pancreatic_Cancer: HOLLOW (LEXICAL-COOCCURRENCE) PMID:39487843
[708/1209] MMP9->Prostate_Cancer: HOLLOW (LEXICAL-COOCCURRENCE) PMID:36994208
[709/1209] MMP9->RCC: AGREE (RELATION-SCREENED) PMID:40830065
[710/1209] MMP9->Soft_Tissue_Sarcoma: AGREE (RELATION-SCREENED) PMID:11249053
[711/1209] MMP9->Type2_Diabetes: UNGROUNDED
[712/1209] MST1R->AML: UNGROUNDED
[713/1209] MST1R->Breast_Cancer: AGREE (RELATION-SCREENED) PMID:32342233
[714/1209] MST1R->CLL: UNGROUNDED
[715/1209] MST1R->CML: UNGROUNDED
[716/1209] MST1R->Colorectal_Cancer: AGREE (RELATION-SCREENED) PMID:32739842
[717/1209] MST1R->Ewing_Sarcoma: UNGROUNDED
[718/1209] MST1R->GIST: UNGROUNDED
[719/1209] MST1R->Glioblastoma: UNGROUNDED
[720/1209] MST1R->HCC: HOLLOW (LEXICAL-COOCCURRENCE) PMID:29566670
[721/1209] MST1R->Li_Fraumeni_Syndrome: UNGROUNDED
[722/1209] MST1R->Melanoma: AGREE (RELATION-SCREENED) PMID:38870080
[723/1209] MST1R->Multiple_Myeloma: UNGROUNDED
[724/1209] MST1R->Myelofibrosis: UNGROUNDED
[725/1209] MST1R->Ovarian_Cancer: UNGROUNDED
[726/1209] MST1R->Pancreatic_Cancer: AGREE (RELATION-SCREENED) PMID:30967626
[727/1209] MST1R->Prostate_Cancer: AGREE (RELATION-SCREENED) PMID:33673346
[728/1209] MST1R->RCC: UNGROUNDED
[729/1209] MST1R->Soft_Tissue_Sarcoma: UNGROUNDED
[730/1209] MST1R->Type2_Diabetes: UNGROUNDED
[731/1209] Melanoma->AML: HOLLOW (LEXICAL-COOCCURRENCE) PMID:39579354
[732/1209] Melanoma->Breast_Cancer: AGREE (RELATION-SCREENED) PMID:30497674
[733/1209] Melanoma->CLL: AGREE (RELATION-SCREENED) PMID:37946198
[734/1209] Melanoma->CML: AGREE (RELATION-SCREENED) PMID:22500535
[735/1209] Melanoma->Colorectal_Cancer: HOLLOW (LEXICAL-COOCCURRENCE) PMID:34686350
[736/1209] Melanoma->Ewing_Sarcoma: UNGROUNDED
[737/1209] Melanoma->GIST: AGREE (RELATION-SCREENED) PMID:30242244
[738/1209] Melanoma->Glioblastoma: AGREE (RELATION-SCREENED) PMID:36624550
[739/1209] Melanoma->HCC: AGREE (RELATION-SCREENED) PMID:39273605
[740/1209] Melanoma->Li_Fraumeni_Syndrome: UNGROUNDED
[741/1209] Melanoma->Melanoma: AGREE (RELATION-SCREENED) PMID:33759772
[742/1209] Melanoma->Multiple_Myeloma: HOLLOW (LEXICAL-COOCCURRENCE) PMID:37730993
[743/1209] Melanoma->Myelofibrosis: HOLLOW (LEXICAL-COOCCURRENCE) PMID:40682502
[744/1209] Melanoma->NSCLC: HOLLOW (LEXICAL-COOCCURRENCE) PMID:27398650
[745/1209] Melanoma->Ovarian_Cancer: AGREE (RELATION-SCREENED) PMID:20301425
[746/1209] Melanoma->Pancreatic_Cancer: AGREE (RELATION-SCREENED) PMID:33632214
[747/1209] Melanoma->Prostate_Cancer: HOLLOW (LEXICAL-COOCCURRENCE) PMID:20698719
[748/1209] Melanoma->RCC: AGREE (RELATION-SCREENED) PMID:39842618
[749/1209] Melanoma->Soft_Tissue_Sarcoma: AGREE (RELATION-SCREENED) PMID:19689357
[750/1209] Melanoma->Type2_Diabetes: AGREE (RELATION-SCREENED) PMID:42144710
[751/1209] Multiple_Myeloma->AML: HOLLOW (LEXICAL-COOCCURRENCE) PMID:37995682
[752/1209] Multiple_Myeloma->Breast_Cancer: AGREE (RELATION-SCREENED) PMID:33127577
[753/1209] Multiple_Myeloma->CLL: AGREE (RELATION-SCREENED) PMID:39222647
[754/1209] Multiple_Myeloma->CML: HOLLOW (LEXICAL-COOCCURRENCE) PMID:39677110
[755/1209] Multiple_Myeloma->Colorectal_Cancer: AGREE (RELATION-SCREENED) PMID:38967919
[756/1209] Multiple_Myeloma->Ewing_Sarcoma: AGREE (RELATION-SCREENED) PMID:41289883
[757/1209] Multiple_Myeloma->GIST: AGREE (RELATION-SCREENED) PMID:30742299
[758/1209] Multiple_Myeloma->Glioblastoma: AGREE (RELATION-SCREENED) PMID:20681081
[759/1209] Multiple_Myeloma->HCC: HOLLOW (LEXICAL-COOCCURRENCE) PMID:34771643
[760/1209] Multiple_Myeloma->Li_Fraumeni_Syndrome: UNGROUNDED
[761/1209] Multiple_Myeloma->Melanoma: HOLLOW (LEXICAL-COOCCURRENCE) PMID:37730993
[762/1209] Multiple_Myeloma->Multiple_Myeloma: HOLLOW (LEXICAL-COOCCURRENCE) PMID:33549387
[763/1209] Multiple_Myeloma->Myelofibrosis: HOLLOW (LEXICAL-COOCCURRENCE) PMID:21338284
[764/1209] Multiple_Myeloma->NSCLC: AGREE (RELATION-SCREENED) PMID:36762777
[765/1209] Multiple_Myeloma->Ovarian_Cancer: AGREE (RELATION-SCREENED) PMID:38967919
[766/1209] Multiple_Myeloma->Pancreatic_Cancer: AGREE (RELATION-SCREENED) PMID:38967919
[767/1209] Multiple_Myeloma->Prostate_Cancer: HOLLOW (LEXICAL-COOCCURRENCE) PMID:37497001
[768/1209] Multiple_Myeloma->RCC: AGREE (RELATION-SCREENED) PMID:35528462
[769/1209] Multiple_Myeloma->Soft_Tissue_Sarcoma: HOLLOW (LEXICAL-COOCCURRENCE) PMID:16531830
[770/1209] Multiple_Myeloma->Type2_Diabetes: UNGROUNDED
[771/1209] Myelofibrosis->AML: HOLLOW (LEXICAL-COOCCURRENCE) PMID:37357958
[772/1209] Myelofibrosis->Breast_Cancer: HOLLOW (LEXICAL-COOCCURRENCE) PMID:38216005
[773/1209] Myelofibrosis->CLL: AGREE (RELATION-SCREENED) PMID:30159182
[774/1209] Myelofibrosis->CML: HOLLOW (LEXICAL-COOCCURRENCE) PMID:27494969
[775/1209] Myelofibrosis->Colorectal_Cancer: HOLLOW (LEXICAL-COOCCURRENCE) PMID:37688502
[776/1209] Myelofibrosis->Ewing_Sarcoma: UNGROUNDED
[777/1209] Myelofibrosis->GIST: UNGROUNDED
[778/1209] Myelofibrosis->Glioblastoma: UNGROUNDED
[779/1209] Myelofibrosis->HCC: UNGROUNDED
[780/1209] Myelofibrosis->Li_Fraumeni_Syndrome: UNGROUNDED
[781/1209] Myelofibrosis->Melanoma: HOLLOW (LEXICAL-COOCCURRENCE) PMID:40682502
[782/1209] Myelofibrosis->Multiple_Myeloma: HOLLOW (LEXICAL-COOCCURRENCE) PMID:21338284
[783/1209] Myelofibrosis->Myelofibrosis: AGREE (RELATION-SCREENED) PMID:33243417
[784/1209] Myelofibrosis->NSCLC: HOLLOW (LEXICAL-COOCCURRENCE) PMID:35280806
[785/1209] Myelofibrosis->Ovarian_Cancer: AGREE (RELATION-SCREENED) PMID:15942101
[786/1209] Myelofibrosis->Pancreatic_Cancer: HOLLOW (LEXICAL-COOCCURRENCE) PMID:26323341
[787/1209] Myelofibrosis->Prostate_Cancer: HOLLOW (LEXICAL-COOCCURRENCE) PMID:26323341
[788/1209] Myelofibrosis->RCC: UNGROUNDED
[789/1209] Myelofibrosis->Soft_Tissue_Sarcoma: UNGROUNDED
[790/1209] Myelofibrosis->Type2_Diabetes: UNGROUNDED
[791/1209] NPL4->Breast_Cancer: UNGROUNDED
[792/1209] NPL4->CLL: UNGROUNDED
[793/1209] NPL4->CML: UNGROUNDED
[794/1209] NPL4->Colorectal_Cancer: HOLLOW (LEXICAL-COOCCURRENCE) PMID:41387670
[795/1209] NPL4->Ewing_Sarcoma: UNGROUNDED
[796/1209] NPL4->GIST: UNGROUNDED
[797/1209] NPL4->HCC: UNGROUNDED
[798/1209] NPL4->Li_Fraumeni_Syndrome: UNGROUNDED
[799/1209] NPL4->Melanoma: UNGROUNDED
[800/1209] NPL4->Multiple_Myeloma: UNGROUNDED
[801/1209] NPL4->Myelofibrosis: UNGROUNDED
[802/1209] NPL4->NSCLC: UNGROUNDED
[803/1209] NPL4->Ovarian_Cancer: UNGROUNDED
[804/1209] NPL4->Pancreatic_Cancer: UNGROUNDED
[805/1209] NPL4->Prostate_Cancer: UNGROUNDED
[806/1209] NPL4->RCC: HOLLOW (LEXICAL-COOCCURRENCE) PMID:37838104
[807/1209] NPL4->Soft_Tissue_Sarcoma: UNGROUNDED
[808/1209] NPL4->Type2_Diabetes: UNGROUNDED
[809/1209] NSCLC->AML: HOLLOW (LEXICAL-COOCCURRENCE) PMID:34066606
[810/1209] NSCLC->Breast_Cancer: HOLLOW (LEXICAL-COOCCURRENCE) PMID:39073550
[811/1209] NSCLC->CLL: HOLLOW (LEXICAL-COOCCURRENCE) PMID:39466024
[812/1209] NSCLC->CML: HOLLOW (LEXICAL-COOCCURRENCE) PMID:42185242
[813/1209] NSCLC->Colorectal_Cancer: AGREE (RELATION-SCREENED) PMID:32430388
[814/1209] NSCLC->Ewing_Sarcoma: UNGROUNDED
[815/1209] NSCLC->GIST: HOLLOW (LEXICAL-COOCCURRENCE) PMID:36907503
[816/1209] NSCLC->Glioblastoma: HOLLOW (LEXICAL-COOCCURRENCE) PMID:28903995
[817/1209] NSCLC->HCC: HOLLOW (LEXICAL-COOCCURRENCE) PMID:36795905
[818/1209] NSCLC->Li_Fraumeni_Syndrome: AGREE (RELATION-SCREENED) PMID:37251503
[819/1209] NSCLC->Melanoma: HOLLOW (LEXICAL-COOCCURRENCE) PMID:27398650
[820/1209] NSCLC->Multiple_Myeloma: AGREE (RELATION-SCREENED) PMID:36762777
[821/1209] NSCLC->Myelofibrosis: HOLLOW (LEXICAL-COOCCURRENCE) PMID:35280806
[822/1209] NSCLC->NSCLC: AGREE (RELATION-SCREENED) PMID:33976158
[823/1209] NSCLC->Ovarian_Cancer: HOLLOW (LEXICAL-COOCCURRENCE) PMID:23770008
[824/1209] NSCLC->Pancreatic_Cancer: HOLLOW (LEXICAL-COOCCURRENCE) PMID:39908431
[825/1209] NSCLC->Prostate_Cancer: HOLLOW (LEXICAL-COOCCURRENCE) PMID:30725927
[826/1209] NSCLC->RCC: AGREE (RELATION-SCREENED) PMID:39273605
[827/1209] NSCLC->Soft_Tissue_Sarcoma: UNGROUNDED
[828/1209] NSCLC->Type2_Diabetes: UNGROUNDED
[829/1209] NTRK1->AML: UNGROUNDED
[830/1209] NTRK1->Breast_Cancer: UNGROUNDED
[831/1209] NTRK1->CLL: UNGROUNDED
[832/1209] NTRK1->CML: AGREE (RELATION-SCREENED) PMID:33456567
[833/1209] NTRK1->Colorectal_Cancer: UNGROUNDED
[834/1209] NTRK1->Ewing_Sarcoma: UNGROUNDED
[835/1209] NTRK1->GIST: HOLLOW (LEXICAL-COOCCURRENCE) PMID:32506289
[836/1209] NTRK1->Glioblastoma: AGREE (RELATION-SCREENED) PMID:38254850
[837/1209] NTRK1->HCC: UNGROUNDED
[838/1209] NTRK1->Li_Fraumeni_Syndrome: AGREE (RELATION-SCREENED) PMID:38763089
[839/1209] NTRK1->Melanoma: HOLLOW (LEXICAL-COOCCURRENCE) PMID:40459282
[840/1209] NTRK1->Multiple_Myeloma: UNGROUNDED
[841/1209] NTRK1->Myelofibrosis: UNGROUNDED
[842/1209] NTRK1->NSCLC: AGREE (RELATION-SCREENED) PMID:38199926
[843/1209] NTRK1->Ovarian_Cancer: HOLLOW (LEXICAL-COOCCURRENCE) PMID:35251641
[844/1209] NTRK1->Pancreatic_Cancer: AGREE (RELATION-SCREENED) PMID:23569426
[845/1209] NTRK1->Prostate_Cancer: HOLLOW (LEXICAL-COOCCURRENCE) PMID:40625757
[846/1209] NTRK1->RCC: UNGROUNDED
[847/1209] NTRK1->Soft_Tissue_Sarcoma: UNGROUNDED
[848/1209] NTRK1->Type2_Diabetes: UNGROUNDED
[849/1209] NTRK2->AML: HOLLOW (LEXICAL-COOCCURRENCE) PMID:29920189
[850/1209] NTRK2->Breast_Cancer: AGREE (RELATION-SCREENED) PMID:39340251
[851/1209] NTRK2->CLL: UNGROUNDED
[852/1209] NTRK2->CML: UNGROUNDED
[853/1209] NTRK2->Colorectal_Cancer: AGREE (RELATION-SCREENED) PMID:38686714
[854/1209] NTRK2->Ewing_Sarcoma: UNGROUNDED
[855/1209] NTRK2->GIST: AGREE (RELATION-SCREENED) PMID:25239601
[856/1209] NTRK2->Glioblastoma: HOLLOW (LEXICAL-COOCCURRENCE) PMID:38562049
[857/1209] NTRK2->HCC: AGREE (RELATION-SCREENED) PMID:30897344
[858/1209] NTRK2->Li_Fraumeni_Syndrome: UNGROUNDED
[859/1209] NTRK2->Melanoma: HOLLOW (LEXICAL-COOCCURRENCE) PMID:29683819
[860/1209] NTRK2->Multiple_Myeloma: UNGROUNDED
[861/1209] NTRK2->Myelofibrosis: UNGROUNDED
[862/1209] NTRK2->NSCLC: UNGROUNDED
[863/1209] NTRK2->Ovarian_Cancer: UNGROUNDED
[864/1209] NTRK2->Pancreatic_Cancer: UNGROUNDED
[865/1209] NTRK2->Prostate_Cancer: UNGROUNDED
[866/1209] NTRK2->RCC: UNGROUNDED
[867/1209] NTRK2->Soft_Tissue_Sarcoma: HOLLOW (LEXICAL-COOCCURRENCE) PMID:41323367
[868/1209] NTRK2->Type2_Diabetes: UNGROUNDED
[869/1209] NTRK3->AML: AGREE (RELATION-SCREENED) PMID:36551764
[870/1209] NTRK3->Breast_Cancer: UNGROUNDED
[871/1209] NTRK3->CLL: UNGROUNDED
[872/1209] NTRK3->CML: UNGROUNDED
[873/1209] NTRK3->Colorectal_Cancer: AGREE (RELATION-SCREENED) PMID:38686714
[874/1209] NTRK3->Ewing_Sarcoma: UNGROUNDED
[875/1209] NTRK3->GIST: AGREE (RELATION-SCREENED) PMID:38612518
[876/1209] NTRK3->Glioblastoma: HOLLOW (LEXICAL-COOCCURRENCE) PMID:34341009
[877/1209] NTRK3->HCC: AGREE (RELATION-SCREENED) PMID:29628508
[878/1209] NTRK3->Li_Fraumeni_Syndrome: UNGROUNDED
[879/1209] NTRK3->Melanoma: UNGROUNDED
[880/1209] NTRK3->Multiple_Myeloma: UNGROUNDED
[881/1209] NTRK3->Myelofibrosis: UNGROUNDED
[882/1209] NTRK3->NSCLC: AGREE (RELATION-SCREENED) PMID:39729710
[883/1209] NTRK3->Ovarian_Cancer: AGREE (RELATION-SCREENED) PMID:28746220
[884/1209] NTRK3->Pancreatic_Cancer: HOLLOW (LEXICAL-COOCCURRENCE) PMID:33441414
[885/1209] NTRK3->Prostate_Cancer: UNGROUNDED
[886/1209] NTRK3->RCC: UNGROUNDED
[887/1209] NTRK3->Soft_Tissue_Sarcoma: HOLLOW (LEXICAL-COOCCURRENCE) PMID:39717285
[888/1209] NTRK3->Type2_Diabetes: UNGROUNDED
[889/1209] Ovarian_Cancer->AML: AGREE (RELATION-SCREENED) PMID:26689913
[890/1209] Ovarian_Cancer->Breast_Cancer: AGREE (RELATION-SCREENED) PMID:37455374
[891/1209] Ovarian_Cancer->CLL: AGREE (RELATION-SCREENED) PMID:40305105
[892/1209] Ovarian_Cancer->CML: AGREE (RELATION-SCREENED) PMID:32169887
[893/1209] Ovarian_Cancer->Colorectal_Cancer: HOLLOW (LEXICAL-COOCCURRENCE) PMID:36591515
[894/1209] Ovarian_Cancer->Ewing_Sarcoma: HOLLOW (LEXICAL-COOCCURRENCE) PMID:35679437
[895/1209] Ovarian_Cancer->GIST: HOLLOW (LEXICAL-COOCCURRENCE) PMID:25510814
[896/1209] Ovarian_Cancer->Glioblastoma: HOLLOW (LEXICAL-COOCCURRENCE) PMID:32335505
[897/1209] Ovarian_Cancer->HCC: HOLLOW (LEXICAL-COOCCURRENCE) PMID:40717587
[898/1209] Ovarian_Cancer->Li_Fraumeni_Syndrome: UNGROUNDED
[899/1209] Ovarian_Cancer->Melanoma: AGREE (RELATION-SCREENED) PMID:20301425
[900/1209] Ovarian_Cancer->Multiple_Myeloma: AGREE (RELATION-SCREENED) PMID:38967919
[901/1209] Ovarian_Cancer->Myelofibrosis: AGREE (RELATION-SCREENED) PMID:15942101
[902/1209] Ovarian_Cancer->NSCLC: HOLLOW (LEXICAL-COOCCURRENCE) PMID:23770008
[903/1209] Ovarian_Cancer->Ovarian_Cancer: AGREE (RELATION-SCREENED) PMID:34207103
[904/1209] Ovarian_Cancer->Pancreatic_Cancer: AGREE (RELATION-SCREENED) PMID:32862296
[905/1209] Ovarian_Cancer->Prostate_Cancer: AGREE (RELATION-SCREENED) PMID:37856201
[906/1209] Ovarian_Cancer->RCC: HOLLOW (LEXICAL-COOCCURRENCE) PMID:32944748
[907/1209] Ovarian_Cancer->Soft_Tissue_Sarcoma: AGREE (RELATION-SCREENED) PMID:9498903
[908/1209] Ovarian_Cancer->Type2_Diabetes: AGREE (RELATION-SCREENED) PMID:37585035
[909/1209] PDCD1->AML: AGREE (RELATION-SCREENED) PMID:38792904
[910/1209] PDCD1->Breast_Cancer: AGREE (RELATION-SCREENED) PMID:41322014
[911/1209] PDCD1->CLL: HOLLOW (LEXICAL-COOCCURRENCE) PMID:41249728
[912/1209] PDCD1->CML: UNGROUNDED
[913/1209] PDCD1->Colorectal_Cancer: AGREE (RELATION-SCREENED) PMID:41655134
[914/1209] PDCD1->Ewing_Sarcoma: UNGROUNDED
[915/1209] PDCD1->GIST: UNGROUNDED
[916/1209] PDCD1->Glioblastoma: AGREE (RELATION-SCREENED) PMID:33069926
[917/1209] PDCD1->HCC: HOLLOW (LEXICAL-COOCCURRENCE) PMID:32275969
[918/1209] PDCD1->Li_Fraumeni_Syndrome: UNGROUNDED
[919/1209] PDCD1->Multiple_Myeloma: AGREE (RELATION-SCREENED) PMID:31620907
[920/1209] PDCD1->Myelofibrosis: UNGROUNDED
[921/1209] PDCD1->Ovarian_Cancer: AGREE (RELATION-SCREENED) PMID:28730785
[922/1209] PDCD1->Pancreatic_Cancer: AGREE (RELATION-SCREENED) PMID:35571651
[923/1209] PDCD1->Prostate_Cancer: AGREE (RELATION-SCREENED) PMID:27853645
[924/1209] PDCD1->Soft_Tissue_Sarcoma: UNGROUNDED
[925/1209] PDCD1->Type2_Diabetes: UNGROUNDED
[926/1209] PTGS2->AML: AGREE (RELATION-SCREENED) PMID:35733068
[927/1209] PTGS2->Breast_Cancer: HOLLOW (LEXICAL-COOCCURRENCE) PMID:38815404
[928/1209] PTGS2->CLL: UNGROUNDED
[929/1209] PTGS2->CML: AGREE (RELATION-SCREENED) PMID:39450252
[930/1209] PTGS2->Colorectal_Cancer: UNGROUNDED
[931/1209] PTGS2->Ewing_Sarcoma: UNGROUNDED
[932/1209] PTGS2->GIST: UNGROUNDED
[933/1209] PTGS2->Glioblastoma: UNGROUNDED
[934/1209] PTGS2->HCC: AGREE (RELATION-SCREENED) PMID:31679460
[935/1209] PTGS2->Li_Fraumeni_Syndrome: UNGROUNDED
[936/1209] PTGS2->Melanoma: AGREE (RELATION-SCREENED) PMID:38934060
[937/1209] PTGS2->Multiple_Myeloma: UNGROUNDED
[938/1209] PTGS2->Myelofibrosis: UNGROUNDED
[939/1209] PTGS2->NSCLC: HOLLOW (LEXICAL-COOCCURRENCE) PMID:40248722
[940/1209] PTGS2->Ovarian_Cancer: UNGROUNDED
[941/1209] PTGS2->Pancreatic_Cancer: AGREE (RELATION-SCREENED) PMID:41522758
[942/1209] PTGS2->Prostate_Cancer: UNGROUNDED
[943/1209] PTGS2->RCC: UNGROUNDED
[944/1209] PTGS2->Soft_Tissue_Sarcoma: UNGROUNDED
[945/1209] PTGS2->Type2_Diabetes: UNGROUNDED
[946/1209] Pancreatic_Cancer->AML: UNGROUNDED
[947/1209] Pancreatic_Cancer->Breast_Cancer: HOLLOW (LEXICAL-COOCCURRENCE) PMID:29860986
[948/1209] Pancreatic_Cancer->CLL: HOLLOW (LEXICAL-COOCCURRENCE) PMID:30155839
[949/1209] Pancreatic_Cancer->CML: AGREE (RELATION-SCREENED) PMID:25527756
[950/1209] Pancreatic_Cancer->Colorectal_Cancer: AGREE (RELATION-SCREENED) PMID:29307198
[951/1209] Pancreatic_Cancer->Ewing_Sarcoma: HOLLOW (LEXICAL-COOCCURRENCE) PMID:36980580
[952/1209] Pancreatic_Cancer->GIST: HOLLOW (LEXICAL-COOCCURRENCE) PMID:35176585
[953/1209] Pancreatic_Cancer->Glioblastoma: AGREE (RELATION-SCREENED) PMID:41498242
[954/1209] Pancreatic_Cancer->HCC: HOLLOW (LEXICAL-COOCCURRENCE) PMID:32644603
[955/1209] Pancreatic_Cancer->Li_Fraumeni_Syndrome: UNGROUNDED
[956/1209] Pancreatic_Cancer->Melanoma: AGREE (RELATION-SCREENED) PMID:33632214
[957/1209] Pancreatic_Cancer->Multiple_Myeloma: AGREE (RELATION-SCREENED) PMID:38967919
[958/1209] Pancreatic_Cancer->Myelofibrosis: HOLLOW (LEXICAL-COOCCURRENCE) PMID:26323341
[959/1209] Pancreatic_Cancer->NSCLC: HOLLOW (LEXICAL-COOCCURRENCE) PMID:39908431
[960/1209] Pancreatic_Cancer->Ovarian_Cancer: AGREE (RELATION-SCREENED) PMID:32862296
[961/1209] Pancreatic_Cancer->Pancreatic_Cancer: AGREE (RELATION-SCREENED) PMID:29860986
[962/1209] Pancreatic_Cancer->Prostate_Cancer: HOLLOW (LEXICAL-COOCCURRENCE) PMID:33406487
[963/1209] Pancreatic_Cancer->RCC: HOLLOW (LEXICAL-COOCCURRENCE) PMID:16301835
[964/1209] Pancreatic_Cancer->Soft_Tissue_Sarcoma: HOLLOW (LEXICAL-COOCCURRENCE) PMID:40034771
[965/1209] Pancreatic_Cancer->Type2_Diabetes: UNGROUNDED
[966/1209] RCC->AML: AGREE (RELATION-SCREENED) PMID:31080770
[967/1209] RCC->Breast_Cancer: AGREE (RELATION-SCREENED) PMID:24756805
[968/1209] RCC->CLL: AGREE (RELATION-SCREENED) PMID:29401514
[969/1209] RCC->CML: HOLLOW (LEXICAL-COOCCURRENCE) PMID:23636140
[970/1209] RCC->Colorectal_Cancer: AGREE (RELATION-SCREENED) PMID:39273605
[971/1209] RCC->Ewing_Sarcoma: HOLLOW (LEXICAL-COOCCURRENCE) PMID:40017418
[972/1209] RCC->GIST: HOLLOW (LEXICAL-COOCCURRENCE) PMID:20072832
[973/1209] RCC->Glioblastoma: AGREE (RELATION-SCREENED) PMID:37469132
[974/1209] RCC->HCC: AGREE (RELATION-SCREENED) PMID:37469132
[975/1209] RCC->Li_Fraumeni_Syndrome: UNGROUNDED
[976/1209] RCC->Melanoma: AGREE (RELATION-SCREENED) PMID:39842618
[977/1209] RCC->Multiple_Myeloma: AGREE (RELATION-SCREENED) PMID:35528462
[978/1209] RCC->Myelofibrosis: UNGROUNDED
[979/1209] RCC->NSCLC: AGREE (RELATION-SCREENED) PMID:39273605
[980/1209] RCC->Ovarian_Cancer: HOLLOW (LEXICAL-COOCCURRENCE) PMID:32944748
[981/1209] RCC->Pancreatic_Cancer: HOLLOW (LEXICAL-COOCCURRENCE) PMID:16301835
[982/1209] RCC->Prostate_Cancer: HOLLOW (LEXICAL-COOCCURRENCE) PMID:26467063
[983/1209] RCC->RCC: AGREE (RELATION-SCREENED) PMID:30243799
[984/1209] RCC->Soft_Tissue_Sarcoma: HOLLOW (LEXICAL-COOCCURRENCE) PMID:24756792
[985/1209] RCC->Type2_Diabetes: UNGROUNDED
[986/1209] RET->AML: AGREE (RELATION-SCREENED) PMID:38226414
[987/1209] RET->Breast_Cancer: AGREE (RELATION-SCREENED) PMID:32080788
[988/1209] RET->CLL: HOLLOW (LEXICAL-COOCCURRENCE) PMID:20018717
[989/1209] RET->CML: HOLLOW (LEXICAL-COOCCURRENCE) PMID:31393251
[990/1209] RET->Ewing_Sarcoma: HOLLOW (LEXICAL-COOCCURRENCE) PMID:40700020
[991/1209] RET->Glioblastoma: HOLLOW (LEXICAL-COOCCURRENCE) PMID:25500544
[992/1209] RET->Li_Fraumeni_Syndrome: UNGROUNDED
[993/1209] RET->Melanoma: AGREE (RELATION-SCREENED) PMID:40555562
[994/1209] RET->Multiple_Myeloma: UNGROUNDED
[995/1209] RET->Myelofibrosis: AGREE (RELATION-SCREENED) PMID:39007945
[996/1209] RET->Ovarian_Cancer: AGREE (RELATION-SCREENED) PMID:32293499
[997/1209] RET->Pancreatic_Cancer: AGREE (RELATION-SCREENED) PMID:19057948
[998/1209] RET->Prostate_Cancer: AGREE (RELATION-SCREENED) PMID:28490466
[999/1209] RET->RCC: UNGROUNDED
[1000/1209] RET->Soft_Tissue_Sarcoma: UNGROUNDED
[1001/1209] RET->Type2_Diabetes: UNGROUNDED
[1002/1209] ROS1->AML: HOLLOW (LEXICAL-COOCCURRENCE) PMID:41158152
[1003/1209] ROS1->Breast_Cancer: HOLLOW (LEXICAL-COOCCURRENCE) PMID:38273343
[1004/1209] ROS1->CLL: UNGROUNDED
[1005/1209] ROS1->CML: UNGROUNDED
[1006/1209] ROS1->Colorectal_Cancer: HOLLOW (LEXICAL-COOCCURRENCE) PMID:38216005
[1007/1209] ROS1->Ewing_Sarcoma: UNGROUNDED
[1008/1209] ROS1->GIST: UNGROUNDED
[1009/1209] ROS1->Glioblastoma: AGREE (RELATION-SCREENED) PMID:38254850
[1010/1209] ROS1->HCC: AGREE (RELATION-SCREENED) PMID:36539000
[1011/1209] ROS1->Li_Fraumeni_Syndrome: UNGROUNDED
[1012/1209] ROS1->Melanoma: UNGROUNDED
[1013/1209] ROS1->Multiple_Myeloma: HOLLOW (LEXICAL-COOCCURRENCE) PMID:35002457
[1014/1209] ROS1->Myelofibrosis: HOLLOW (LEXICAL-COOCCURRENCE) PMID:38216005
[1015/1209] ROS1->Ovarian_Cancer: HOLLOW (LEXICAL-COOCCURRENCE) PMID:35820889
[1016/1209] ROS1->Pancreatic_Cancer: HOLLOW (LEXICAL-COOCCURRENCE) PMID:37269335
[1017/1209] ROS1->Prostate_Cancer: HOLLOW (LEXICAL-COOCCURRENCE) PMID:28560674
[1018/1209] ROS1->RCC: UNGROUNDED
[1019/1209] ROS1->Soft_Tissue_Sarcoma: UNGROUNDED
[1020/1209] ROS1->Type2_Diabetes: UNGROUNDED
[1021/1209] Ruxolitinib->AML: AGREE (RELATION-SCREENED) PMID:41507381
[1022/1209] Ruxolitinib->Breast_Cancer: HOLLOW (LEXICAL-COOCCURRENCE) PMID:32679107
[1023/1209] Ruxolitinib->CML: HOLLOW (LEXICAL-COOCCURRENCE) PMID:24957147
[1024/1209] Ruxolitinib->Colorectal_Cancer: HOLLOW (LEXICAL-COOCCURRENCE) PMID:33747209
[1025/1209] Ruxolitinib->Ewing_Sarcoma: UNGROUNDED
[1026/1209] Ruxolitinib->GIST: UNGROUNDED
[1027/1209] Ruxolitinib->Glioblastoma: HOLLOW (LEXICAL-COOCCURRENCE) PMID:36460932
[1028/1209] Ruxolitinib->HCC: HOLLOW (LEXICAL-COOCCURRENCE) PMID:35851063
[1029/1209] Ruxolitinib->Li_Fraumeni_Syndrome: UNGROUNDED
[1030/1209] Ruxolitinib->Melanoma: HOLLOW (LEXICAL-COOCCURRENCE) PMID:40682502
[1031/1209] Ruxolitinib->Multiple_Myeloma: HOLLOW (LEXICAL-COOCCURRENCE) PMID:36482815
[1032/1209] Ruxolitinib->NSCLC: AGREE (RELATION-SCREENED) PMID:29681434
[1033/1209] Ruxolitinib->Ovarian_Cancer: AGREE (RELATION-SCREENED) PMID:29212208
[1034/1209] Ruxolitinib->Pancreatic_Cancer: HOLLOW (LEXICAL-COOCCURRENCE) PMID:26463833
[1035/1209] Ruxolitinib->Prostate_Cancer: UNGROUNDED
[1036/1209] Ruxolitinib->RCC: HOLLOW (LEXICAL-COOCCURRENCE) PMID:41483244
[1037/1209] Ruxolitinib->Soft_Tissue_Sarcoma: UNGROUNDED
[1038/1209] Ruxolitinib->Type2_Diabetes: UNGROUNDED
[1039/1209] TGFB1->AML: HOLLOW (LEXICAL-COOCCURRENCE) PMID:38171389
[1040/1209] TGFB1->Breast_Cancer: AGREE (RELATION-SCREENED) PMID:19092773
[1041/1209] TGFB1->CLL: UNGROUNDED
[1042/1209] TGFB1->CML: HOLLOW (LEXICAL-COOCCURRENCE) PMID:21501493
[1043/1209] TGFB1->Ewing_Sarcoma: UNGROUNDED
[1044/1209] TGFB1->GIST: UNGROUNDED
[1045/1209] TGFB1->Glioblastoma: UNGROUNDED
[1046/1209] TGFB1->HCC: AGREE (RELATION-SCREENED) PMID:33794741
[1047/1209] TGFB1->Li_Fraumeni_Syndrome: UNGROUNDED
[1048/1209] TGFB1->Melanoma: UNGROUNDED
[1049/1209] TGFB1->Multiple_Myeloma: UNGROUNDED
[1050/1209] TGFB1->Myelofibrosis: HOLLOW (LEXICAL-COOCCURRENCE) PMID:40975399
[1051/1209] TGFB1->NSCLC: AGREE (RELATION-SCREENED) PMID:40383937
[1052/1209] TGFB1->Ovarian_Cancer: HOLLOW (LEXICAL-COOCCURRENCE) PMID:34429759
[1053/1209] TGFB1->Prostate_Cancer: AGREE (RELATION-SCREENED) PMID:38855324
[1054/1209] TGFB1->RCC: HOLLOW (LEXICAL-COOCCURRENCE) PMID:29104726
[1055/1209] TGFB1->Soft_Tissue_Sarcoma: UNGROUNDED
[1056/1209] TGFB1->Type2_Diabetes: UNGROUNDED
[1057/1209] TOP1->AML: HOLLOW (LEXICAL-COOCCURRENCE) PMID:12874791
[1058/1209] TOP1->Breast_Cancer: AGREE (RELATION-SCREENED) PMID:39745368
[1059/1209] TOP1->CLL: UNGROUNDED
[1060/1209] TOP1->CML: UNGROUNDED
[1061/1209] TOP1->Colorectal_Cancer: AGREE (RELATION-SCREENED) PMID:25522766
[1062/1209] TOP1->Ewing_Sarcoma: HOLLOW (LEXICAL-COOCCURRENCE) PMID:39512899
[1063/1209] TOP1->GIST: UNGROUNDED
[1064/1209] TOP1->Glioblastoma: HOLLOW (LEXICAL-COOCCURRENCE) PMID:28963609
[1065/1209] TOP1->HCC: AGREE (RELATION-SCREENED) PMID:42065042
[1066/1209] TOP1->Li_Fraumeni_Syndrome: UNGROUNDED
[1067/1209] TOP1->Melanoma: AGREE (RELATION-SCREENED) PMID:34560251
[1068/1209] TOP1->Multiple_Myeloma: HOLLOW (LEXICAL-COOCCURRENCE) PMID:40839989
[1069/1209] TOP1->Myelofibrosis: UNGROUNDED
[1070/1209] TOP1->NSCLC: AGREE (RELATION-SCREENED) PMID:34974222
[1071/1209] TOP1->Ovarian_Cancer: AGREE (RELATION-SCREENED) PMID:38383600
[1072/1209] TOP1->Pancreatic_Cancer: AGREE (RELATION-SCREENED) PMID:38663337
[1073/1209] TOP1->Prostate_Cancer: HOLLOW (LEXICAL-COOCCURRENCE) PMID:35349486
[1074/1209] TOP1->RCC: UNGROUNDED
[1075/1209] TOP1->Soft_Tissue_Sarcoma: UNGROUNDED
[1076/1209] TOP1->Type2_Diabetes: UNGROUNDED
[1077/1209] TOP2A->CLL: UNGROUNDED
[1078/1209] TOP2A->CML: UNGROUNDED
[1079/1209] TOP2A->Colorectal_Cancer: AGREE (RELATION-SCREENED) PMID:37884851
[1080/1209] TOP2A->Ewing_Sarcoma: UNGROUNDED
[1081/1209] TOP2A->GIST: UNGROUNDED
[1082/1209] TOP2A->Glioblastoma: HOLLOW (LEXICAL-COOCCURRENCE) PMID:38723526
[1083/1209] TOP2A->HCC: AGREE (RELATION-SCREENED) PMID:38008711
[1084/1209] TOP2A->Li_Fraumeni_Syndrome: UNGROUNDED
[1085/1209] TOP2A->Melanoma: HOLLOW (LEXICAL-COOCCURRENCE) PMID:27272799
[1086/1209] TOP2A->Multiple_Myeloma: HOLLOW (LEXICAL-COOCCURRENCE) PMID:38593113
[1087/1209] TOP2A->Myelofibrosis: UNGROUNDED
[1088/1209] TOP2A->NSCLC: AGREE (RELATION-SCREENED) PMID:41234832
[1089/1209] TOP2A->Ovarian_Cancer: AGREE (RELATION-SCREENED) PMID:39727717
[1090/1209] TOP2A->Pancreatic_Cancer: AGREE (RELATION-SCREENED) PMID:29045811
[1091/1209] TOP2A->Prostate_Cancer: AGREE (RELATION-SCREENED) PMID:36251389
[1092/1209] TOP2A->RCC: AGREE (RELATION-SCREENED) PMID:39298003
[1093/1209] TOP2A->Soft_Tissue_Sarcoma: HOLLOW (LEXICAL-COOCCURRENCE) PMID:34638362
[1094/1209] TOP2A->Type2_Diabetes: UNGROUNDED
[1095/1209] TXNRD1->Breast_Cancer: AGREE (RELATION-SCREENED) PMID:38524569
[1096/1209] TXNRD1->CLL: UNGROUNDED
[1097/1209] TXNRD1->CML: HOLLOW (LEXICAL-COOCCURRENCE) PMID:34917232
[1098/1209] TXNRD1->Colorectal_Cancer: UNGROUNDED
[1099/1209] TXNRD1->Ewing_Sarcoma: UNGROUNDED
[1100/1209] TXNRD1->GIST: UNGROUNDED
[1101/1209] TXNRD1->Glioblastoma: UNGROUNDED
[1102/1209] TXNRD1->HCC: AGREE (RELATION-SCREENED) PMID:36319631
[1103/1209] TXNRD1->Li_Fraumeni_Syndrome: UNGROUNDED
[1104/1209] TXNRD1->Melanoma: AGREE (RELATION-SCREENED) PMID:32142958
[1105/1209] TXNRD1->Multiple_Myeloma: UNGROUNDED
[1106/1209] TXNRD1->Myelofibrosis: UNGROUNDED
[1107/1209] TXNRD1->NSCLC: HOLLOW (LEXICAL-COOCCURRENCE) PMID:23824739
[1108/1209] TXNRD1->Pancreatic_Cancer: UNGROUNDED
[1109/1209] TXNRD1->Prostate_Cancer: UNGROUNDED
[1110/1209] TXNRD1->RCC: UNGROUNDED
[1111/1209] TXNRD1->Soft_Tissue_Sarcoma: UNGROUNDED
[1112/1209] TXNRD1->Type2_Diabetes: UNGROUNDED
[1113/1209] TYMS->AML: AGREE (RELATION-SCREENED) PMID:18774170
[1114/1209] TYMS->Breast_Cancer: AGREE (RELATION-SCREENED) PMID:31601265
[1115/1209] TYMS->CLL: HOLLOW (LEXICAL-COOCCURRENCE) PMID:33664451
[1116/1209] TYMS->CML: UNGROUNDED
[1117/1209] TYMS->Colorectal_Cancer: AGREE (RELATION-SCREENED) PMID:35880438
[1118/1209] TYMS->Ewing_Sarcoma: UNGROUNDED
[1119/1209] TYMS->GIST: UNGROUNDED
[1120/1209] TYMS->Glioblastoma: HOLLOW (LEXICAL-COOCCURRENCE) PMID:21365010
[1121/1209] TYMS->HCC: AGREE (RELATION-SCREENED) PMID:34297238
[1122/1209] TYMS->Li_Fraumeni_Syndrome: UNGROUNDED
[1123/1209] TYMS->Melanoma: AGREE (RELATION-SCREENED) PMID:17611626
[1124/1209] TYMS->Multiple_Myeloma: AGREE (RELATION-SCREENED) PMID:17512053
[1125/1209] TYMS->Myelofibrosis: UNGROUNDED
[1126/1209] TYMS->NSCLC: AGREE (RELATION-SCREENED) PMID:24040222
[1127/1209] TYMS->Ovarian_Cancer: UNGROUNDED
[1128/1209] TYMS->Pancreatic_Cancer: AGREE (RELATION-SCREENED) PMID:31861032
[1129/1209] TYMS->Prostate_Cancer: AGREE (RELATION-SCREENED) PMID:25762627
[1130/1209] TYMS->RCC: AGREE (RELATION-SCREENED) PMID:18098291
[1131/1209] TYMS->Soft_Tissue_Sarcoma: UNGROUNDED
[1132/1209] TYMS->Type2_Diabetes: UNGROUNDED
[1133/1209] Trametinib->AML: AGREE (RELATION-SCREENED) PMID:39316279
[1134/1209] Trametinib->Breast_Cancer: HOLLOW (LEXICAL-COOCCURRENCE) PMID:38948022
[1135/1209] Trametinib->CLL: HOLLOW (LEXICAL-COOCCURRENCE) PMID:34861096
[1136/1209] Trametinib->CML: HOLLOW (LEXICAL-COOCCURRENCE) PMID:25186176
[1137/1209] Trametinib->Colorectal_Cancer: HOLLOW (LEXICAL-COOCCURRENCE) PMID:29431699
[1138/1209] Trametinib->Ewing_Sarcoma: UNGROUNDED
[1139/1209] Trametinib->GIST: HOLLOW (LEXICAL-COOCCURRENCE) PMID:39116355
[1140/1209] Trametinib->Glioblastoma: UNGROUNDED
[1141/1209] Trametinib->HCC: AGREE (RELATION-SCREENED) PMID:36907560
[1142/1209] Trametinib->Li_Fraumeni_Syndrome: UNGROUNDED
[1143/1209] Trametinib->Multiple_Myeloma: AGREE (RELATION-SCREENED) PMID:32758030
[1144/1209] Trametinib->Myelofibrosis: UNGROUNDED
[1145/1209] Trametinib->NSCLC: HOLLOW (LEXICAL-COOCCURRENCE) PMID:34455067
[1146/1209] Trametinib->Ovarian_Cancer: HOLLOW (LEXICAL-COOCCURRENCE) PMID:35123694
[1147/1209] Trametinib->Pancreatic_Cancer: HOLLOW (LEXICAL-COOCCURRENCE) PMID:39819860
[1148/1209] Trametinib->Prostate_Cancer: UNGROUNDED
[1149/1209] Trametinib->RCC: HOLLOW (LEXICAL-COOCCURRENCE) PMID:26487278
[1150/1209] Trametinib->Soft_Tissue_Sarcoma: HOLLOW (LEXICAL-COOCCURRENCE) PMID:29339354
[1151/1209] Trametinib->Type2_Diabetes: UNGROUNDED
[1152/1209] Trastuzumab->AML: HOLLOW (LEXICAL-COOCCURRENCE) PMID:31425928
[1153/1209] Trastuzumab->CLL: HOLLOW (LEXICAL-COOCCURRENCE) PMID:18307255
[1154/1209] Trastuzumab->CML: HOLLOW (LEXICAL-COOCCURRENCE) PMID:36377026
[1155/1209] Trastuzumab->Colorectal_Cancer: AGREE (RELATION-SCREENED) PMID:39116902
[1156/1209] Trastuzumab->Ewing_Sarcoma: UNGROUNDED
[1157/1209] Trastuzumab->GIST: HOLLOW (LEXICAL-COOCCURRENCE) PMID:22690483
[1158/1209] Trastuzumab->Glioblastoma: UNGROUNDED
[1159/1209] Trastuzumab->HCC: HOLLOW (LEXICAL-COOCCURRENCE) PMID:36077593
[1160/1209] Trastuzumab->Li_Fraumeni_Syndrome: UNGROUNDED
[1161/1209] Trastuzumab->Melanoma: HOLLOW (LEXICAL-COOCCURRENCE) PMID:29307353
[1162/1209] Trastuzumab->Multiple_Myeloma: HOLLOW (LEXICAL-COOCCURRENCE) PMID:32463967
[1163/1209] Trastuzumab->Myelofibrosis: UNGROUNDED
[1164/1209] Trastuzumab->NSCLC: HOLLOW (LEXICAL-COOCCURRENCE) PMID:34534430
[1165/1209] Trastuzumab->Ovarian_Cancer: UNGROUNDED
[1166/1209] Trastuzumab->Pancreatic_Cancer: UNGROUNDED
[1167/1209] Trastuzumab->Prostate_Cancer: HOLLOW (LEXICAL-COOCCURRENCE) PMID:21355777
[1168/1209] Trastuzumab->RCC: HOLLOW (LEXICAL-COOCCURRENCE) PMID:18043264
[1169/1209] Trastuzumab->Soft_Tissue_Sarcoma: UNGROUNDED
[1170/1209] Trastuzumab->Type2_Diabetes: UNGROUNDED
[1171/1209] Type2_Diabetes->AML: UNGROUNDED
[1172/1209] Type2_Diabetes->Breast_Cancer: AGREE (RELATION-SCREENED) PMID:35803840
[1173/1209] Type2_Diabetes->CLL: UNGROUNDED
[1174/1209] Type2_Diabetes->CML: UNGROUNDED
[1175/1209] Type2_Diabetes->Colorectal_Cancer: UNGROUNDED
[1176/1209] Type2_Diabetes->Ewing_Sarcoma: UNGROUNDED
[1177/1209] Type2_Diabetes->GIST: UNGROUNDED
[1178/1209] Type2_Diabetes->Glioblastoma: UNGROUNDED
[1179/1209] Type2_Diabetes->HCC: UNGROUNDED
[1180/1209] Type2_Diabetes->Li_Fraumeni_Syndrome: UNGROUNDED
[1181/1209] Type2_Diabetes->Melanoma: AGREE (RELATION-SCREENED) PMID:42144710
[1182/1209] Type2_Diabetes->Multiple_Myeloma: UNGROUNDED
[1183/1209] Type2_Diabetes->Myelofibrosis: UNGROUNDED
[1184/1209] Type2_Diabetes->NSCLC: UNGROUNDED
[1185/1209] Type2_Diabetes->Ovarian_Cancer: AGREE (RELATION-SCREENED) PMID:37585035
[1186/1209] Type2_Diabetes->Pancreatic_Cancer: UNGROUNDED
[1187/1209] Type2_Diabetes->Prostate_Cancer: UNGROUNDED
[1188/1209] Type2_Diabetes->RCC: UNGROUNDED
[1189/1209] Type2_Diabetes->Soft_Tissue_Sarcoma: UNGROUNDED
[1190/1209] Type2_Diabetes->Type2_Diabetes: AGREE (RELATION-SCREENED) PMID:35898464
[1191/1209] VEGFA->AML: AGREE (RELATION-SCREENED) PMID:35104050
[1192/1209] VEGFA->Breast_Cancer: HOLLOW (LEXICAL-COOCCURRENCE) PMID:31023337
[1193/1209] VEGFA->CLL: AGREE (RELATION-SCREENED) PMID:32585853
[1194/1209] VEGFA->CML: HOLLOW (LEXICAL-COOCCURRENCE) PMID:34316716
[1195/1209] VEGFA->Ewing_Sarcoma: HOLLOW (LEXICAL-COOCCURRENCE) PMID:33649104
[1196/1209] VEGFA->GIST: HOLLOW (LEXICAL-COOCCURRENCE) PMID:30060750
[1197/1209] VEGFA->Glioblastoma: AGREE (RELATION-SCREENED) PMID:40188324
[1198/1209] VEGFA->HCC: HOLLOW (LEXICAL-COOCCURRENCE) PMID:38247171
[1199/1209] VEGFA->Li_Fraumeni_Syndrome: UNGROUNDED
[1200/1209] VEGFA->Melanoma: HOLLOW (LEXICAL-COOCCURRENCE) PMID:38768671
[1201/1209] VEGFA->Multiple_Myeloma: HOLLOW (LEXICAL-COOCCURRENCE) PMID:37549238
[1202/1209] VEGFA->Myelofibrosis: AGREE (RELATION-SCREENED) PMID:34440447
[1203/1209] VEGFA->NSCLC: HOLLOW (LEXICAL-COOCCURRENCE) PMID:38953570
[1204/1209] VEGFA->Ovarian_Cancer: HOLLOW (LEXICAL-COOCCURRENCE) PMID:32721475
[1205/1209] VEGFA->Pancreatic_Cancer: HOLLOW (LEXICAL-COOCCURRENCE) PMID:38587552
[1206/1209] VEGFA->Prostate_Cancer: UNGROUNDED
[1207/1209] VEGFA->RCC: HOLLOW (LEXICAL-COOCCURRENCE) PMID:41314434
[1208/1209] VEGFA->Soft_Tissue_Sarcoma: UNGROUNDED
[1209/1209] VEGFA->Type2_Diabetes: UNGROUNDED

============================================================
DISCOVERY COMPLETE (gate-grounded)
  RELATION-SCREENED candidates : 340
  quarantined (co-occurrence)  : 349
  ungrounded (no literature)   : 520
  -> data/DISCOVERED_MORPHISMS.json  (tier1.db NOT modified)
